<html>
<body>
<pre>
<h1>�Vision Build Log</h1>
<h2>Tool Versions:</h2>
IDE-Version: ��Vision V5.38.0.0
Copyright (C) 2022 ARM Ltd and ARM Germany GmbH. All rights reserved.
License Information: Hellomykimi HelloMyKiMi, Hellomykimi, LIC=14HV2-9C1V1-GKSBG-VHDZY-ANN0L-02ACH
 
Tool Versions:
Toolchain:       MDK-ARM Plus  Version: 5.38.0.0
Toolchain Path:  D:\Keil_v5\ARM\ARMCLANG\Bin
C Compiler:      ArmClang.exe V6.19
Assembler:       Armasm.exe V6.19
Linker/Locator:  ArmLink.exe V6.19
Library Manager: ArmAr.exe V6.19
Hex Converter:   FromElf.exe V6.19
CPU DLL:         SARMCM3.DLL V5.38.0.0
Dialog DLL:      DCM.DLL V1.17.5.0
Target DLL:      UL2CM3.DLL V1.164.8.0
Dialog DLL:      TCM.DLL V1.56.4.0
 
<h2>Project:</h2>
C:\Users\HelloMyKiMi\Desktop\shixun\project\znxc.uvprojx
Project File Date:  04/21/2024

<h2>Output:</h2>
*** Using Compiler 'V6.19', folder: 'D:\Keil_v5\ARM\ARMCLANG\Bin'
Build target 'user'
main.c(1): warning: In file included from...
D:/Keil_v5/Keil/STM32F1xx_DFP/1.0.5/Device/Include\stm32f10x.h(18): warning: invalid UTF-8 in comment [-Winvalid-utf8]
  *              - To use or not the peripheral<92>s drivers in application code(i.e. 
                                               ^
D:/Keil_v5/Keil/STM32F1xx_DFP/1.0.5/Device/Include\stm32f10x.h(19): warning: invalid UTF-8 in comment [-Winvalid-utf8]
  *                code will be based on direct access to peripheral<92>s registers 
                                                                    ^
D:/Keil_v5/Keil/STM32F1xx_DFP/1.0.5/Device/Include\stm32f10x.h(26): warning: invalid UTF-8 in comment [-Winvalid-utf8]
  *           - Macros to access peripheral<92>s registers hardware
                                           ^
main.c(1): warning: In file included from...
D:/Keil_v5/Keil/STM32F1xx_DFP/1.0.5/Device/Include\stm32f10x.h(8297): warning: In file included from...
./RTE/Device/STM32F103ZE\stm32f10x_conf.h(54): warning: In file included from...
D:/Keil_v5/Keil/STM32F1xx_DFP/1.0.5/Device/StdPeriph_Driver/inc\stm32f10x_exti.h(32): warning: In file included from...
D:/Keil_v5/Keil/STM32F1xx_DFP/1.0.5/Device/Include\stm32f10x.h(18): warning: invalid UTF-8 in comment [-Winvalid-utf8]
  *              - To use or not the peripheral<92>s drivers in application code(i.e. 
                                               ^
D:/Keil_v5/Keil/STM32F1xx_DFP/1.0.5/Device/Include\stm32f10x.h(19): warning: invalid UTF-8 in comment [-Winvalid-utf8]
  *                code will be based on direct access to peripheral<92>s registers 
                                                                    ^
D:/Keil_v5/Keil/STM32F1xx_DFP/1.0.5/Device/Include\stm32f10x.h(26): warning: invalid UTF-8 in comment [-Winvalid-utf8]
  *           - Macros to access peripheral<92>s registers hardware
                                           ^
main.c(1): warning: In file included from...
D:/Keil_v5/Keil/STM32F1xx_DFP/1.0.5/Device/Include\stm32f10x.h(8297): warning: In file included from...
./RTE/Device/STM32F103ZE\stm32f10x_conf.h(63): warning: In file included from...
D:/Keil_v5/Keil/STM32F1xx_DFP/1.0.5/Device/StdPeriph_Driver/inc\stm32f10x_gpio.h(32): warning: In file included from...
D:/Keil_v5/Keil/STM32F1xx_DFP/1.0.5/Device/Include\stm32f10x.h(18): warning: invalid UTF-8 in comment [-Winvalid-utf8]
  *              - To use or not the peripheral<92>s drivers in application code(i.e. 
                                               ^
D:/Keil_v5/Keil/STM32F1xx_DFP/1.0.5/Device/Include\stm32f10x.h(19): warning: invalid UTF-8 in comment [-Winvalid-utf8]
  *                code will be based on direct access to peripheral<92>s registers 
                                                                    ^
D:/Keil_v5/Keil/STM32F1xx_DFP/1.0.5/Device/Include\stm32f10x.h(26): warning: invalid UTF-8 in comment [-Winvalid-utf8]
  *           - Macros to access peripheral<92>s registers hardware
                                           ^
main.c(1): warning: In file included from...
D:/Keil_v5/Keil/STM32F1xx_DFP/1.0.5/Device/Include\stm32f10x.h(8297): warning: In file included from...
./RTE/Device/STM32F103ZE\stm32f10x_conf.h(75): warning: In file included from...
D:/Keil_v5/Keil/STM32F1xx_DFP/1.0.5/Device/StdPeriph_Driver/inc\stm32f10x_rcc.h(32): warning: In file included from...
D:/Keil_v5/Keil/STM32F1xx_DFP/1.0.5/Device/Include\stm32f10x.h(18): warning: invalid UTF-8 in comment [-Winvalid-utf8]
  *              - To use or not the peripheral<92>s drivers in application code(i.e. 
                                               ^
D:/Keil_v5/Keil/STM32F1xx_DFP/1.0.5/Device/Include\stm32f10x.h(19): warning: invalid UTF-8 in comment [-Winvalid-utf8]
  *                code will be based on direct access to peripheral<92>s registers 
                                                                    ^
D:/Keil_v5/Keil/STM32F1xx_DFP/1.0.5/Device/Include\stm32f10x.h(26): warning: invalid UTF-8 in comment [-Winvalid-utf8]
  *           - Macros to access peripheral<92>s registers hardware
                                           ^
main.c(1): warning: In file included from...
D:/Keil_v5/Keil/STM32F1xx_DFP/1.0.5/Device/Include\stm32f10x.h(8297): warning: In file included from...
./RTE/Device/STM32F103ZE\stm32f10x_conf.h(87): warning: In file included from...
D:/Keil_v5/Keil/STM32F1xx_DFP/1.0.5/Device/StdPeriph_Driver/inc\stm32f10x_tim.h(32): warning: In file included from...
D:/Keil_v5/Keil/STM32F1xx_DFP/1.0.5/Device/Include\stm32f10x.h(18): warning: invalid UTF-8 in comment [-Winvalid-utf8]
  *              - To use or not the peripheral<92>s drivers in application code(i.e. 
                                               ^
D:/Keil_v5/Keil/STM32F1xx_DFP/1.0.5/Device/Include\stm32f10x.h(19): warning: invalid UTF-8 in comment [-Winvalid-utf8]
  *                code will be based on direct access to peripheral<92>s registers 
                                                                    ^
D:/Keil_v5/Keil/STM32F1xx_DFP/1.0.5/Device/Include\stm32f10x.h(26): warning: invalid UTF-8 in comment [-Winvalid-utf8]
  *           - Macros to access peripheral<92>s registers hardware
                                           ^
main.c(1): warning: In file included from...
D:/Keil_v5/Keil/STM32F1xx_DFP/1.0.5/Device/Include\stm32f10x.h(8297): warning: In file included from...
./RTE/Device/STM32F103ZE\stm32f10x_conf.h(90): warning: In file included from...
D:/Keil_v5/Keil/STM32F1xx_DFP/1.0.5/Device/StdPeriph_Driver/inc\stm32f10x_usart.h(32): warning: In file included from...
D:/Keil_v5/Keil/STM32F1xx_DFP/1.0.5/Device/Include\stm32f10x.h(18): warning: invalid UTF-8 in comment [-Winvalid-utf8]
  *              - To use or not the peripheral<92>s drivers in application code(i.e. 
                                               ^
D:/Keil_v5/Keil/STM32F1xx_DFP/1.0.5/Device/Include\stm32f10x.h(19): warning: invalid UTF-8 in comment [-Winvalid-utf8]
  *                code will be based on direct access to peripheral<92>s registers 
                                                                    ^
D:/Keil_v5/Keil/STM32F1xx_DFP/1.0.5/Device/Include\stm32f10x.h(26): warning: invalid UTF-8 in comment [-Winvalid-utf8]
  *           - Macros to access peripheral<92>s registers hardware
                                           ^
main.c(1): warning: In file included from...
D:/Keil_v5/Keil/STM32F1xx_DFP/1.0.5/Device/Include\stm32f10x.h(8297): warning: In file included from...
./RTE/Device/STM32F103ZE\stm32f10x_conf.h(96): warning: In file included from...
D:/Keil_v5/Keil/STM32F1xx_DFP/1.0.5/Device/StdPeriph_Driver/inc\misc.h(32): warning: In file included from...
D:/Keil_v5/Keil/STM32F1xx_DFP/1.0.5/Device/Include\stm32f10x.h(18): warning: invalid UTF-8 in comment [-Winvalid-utf8]
  *              - To use or not the peripheral<92>s drivers in application code(i.e. 
                                               ^
D:/Keil_v5/Keil/STM32F1xx_DFP/1.0.5/Device/Include\stm32f10x.h(19): warning: invalid UTF-8 in comment [-Winvalid-utf8]
  *                code will be based on direct access to peripheral<92>s registers 
                                                                    ^
D:/Keil_v5/Keil/STM32F1xx_DFP/1.0.5/Device/Include\stm32f10x.h(26): warning: invalid UTF-8 in comment [-Winvalid-utf8]
  *           - Macros to access peripheral<92>s registers hardware
                                           ^
main.c(9): warning: In file included from...
./system\sys.h(5): warning: // comments are not allowed in this language [-Wcomment]
//0,<B2><BB>֧<B3><D6>ucos
^
./system\sys.h(5): warning: invalid UTF-8 in comment [-Winvalid-utf8]
//0,<B2><BB>֧<B3><D6>ucos
    ^
./system\sys.h(5): warning: invalid UTF-8 in comment [-Winvalid-utf8]
//0,<B2><BB>֧<B3><D6>ucos
            ^
./system\sys.h(6): warning: invalid UTF-8 in comment [-Winvalid-utf8]
//1,֧<B3><D6>ucos
    ^
./system\sys.h(7): warning: invalid UTF-8 in comment [-Winvalid-utf8]
#define SYSTEM_SUPPORT_UCOS             0               //<B6><A8><D2><E5>ϵͳ<CE>ļ<FE><BC><D0><CA>Ƿ<F1>֧<B3><D6>UCOS
                                                          ^
./system\sys.h(7): warning: invalid UTF-8 in comment [-Winvalid-utf8]
#define SYSTEM_SUPPORT_UCOS             0               //<B6><A8><D2><E5>ϵͳ<CE>ļ<FE><BC><D0><CA>Ƿ<F1>֧<B3><D6>UCOS
                                                                            ^
./system\sys.h(7): warning: invalid UTF-8 in comment [-Winvalid-utf8]
#define SYSTEM_SUPPORT_UCOS             0               //<B6><A8><D2><E5>ϵͳ<CE>ļ<FE><BC><D0><CA>Ƿ<F1>֧<B3><D6>UCOS
                                                                                 ^
./system\sys.h(7): warning: invalid UTF-8 in comment [-Winvalid-utf8]
#define SYSTEM_SUPPORT_UCOS             0               //<B6><A8><D2><E5>ϵͳ<CE>ļ<FE><BC><D0><CA>Ƿ<F1>֧<B3><D6>UCOS
                                                                                                  ^
./system\sys.h(7): warning: invalid UTF-8 in comment [-Winvalid-utf8]
#define SYSTEM_SUPPORT_UCOS             0               //<B6><A8><D2><E5>ϵͳ<CE>ļ<FE><BC><D0><CA>Ƿ<F1>֧<B3><D6>UCOS
                                                                                                      ^
./system\sys.h(10): warning: invalid UTF-8 in comment [-Winvalid-utf8]
//λ<B4><F8><B2><D9><D7><F7>,ʵ<CF><D6>51<C0><E0><CB>Ƶ<C4>GPIO<BF><D8><D6>ƹ<A6><C4><DC>
   ^
./system\sys.h(10): warning: invalid UTF-8 in comment [-Winvalid-utf8]
//λ<B4><F8><B2><D9><D7><F7>,ʵ<CF><D6>51<C0><E0><CB>Ƶ<C4>GPIO<BF><D8><D6>ƹ<A6><C4><DC>
                             ^
./system\sys.h(10): warning: invalid UTF-8 in comment [-Winvalid-utf8]
//λ<B4><F8><B2><D9><D7><F7>,ʵ<CF><D6>51<C0><E0><CB>Ƶ<C4>GPIO<BF><D8><D6>ƹ<A6><C4><DC>
                                       ^
./system\sys.h(10): warning: invalid UTF-8 in comment [-Winvalid-utf8]
//λ<B4><F8><B2><D9><D7><F7>,ʵ<CF><D6>51<C0><E0><CB>Ƶ<C4>GPIO<BF><D8><D6>ƹ<A6><C4><DC>
                                                    ^
./system\sys.h(10): warning: invalid UTF-8 in comment [-Winvalid-utf8]
//λ<B4><F8><B2><D9><D7><F7>,ʵ<CF><D6>51<C0><E0><CB>Ƶ<C4>GPIO<BF><D8><D6>ƹ<A6><C4><DC>
                                                            ^
./system\sys.h(10): warning: invalid UTF-8 in comment [-Winvalid-utf8]
//λ<B4><F8><B2><D9><D7><F7>,ʵ<CF><D6>51<C0><E0><CB>Ƶ<C4>GPIO<BF><D8><D6>ƹ<A6><C4><DC>
                                                                         ^
./system\sys.h(11): warning: invalid UTF-8 in comment [-Winvalid-utf8]
//<BE><DF><CC><E5>ʵ<CF><D6>˼<CF><EB>,<B2>ο<BC><<CM3Ȩ<CD><FE>ָ<C4><CF>>><B5><DA><CE><E5><D5><C2>(87ҳ~92ҳ).
  ^
./system\sys.h(11): warning: invalid UTF-8 in comment [-Winvalid-utf8]
//<BE><DF><CC><E5>ʵ<CF><D6>˼<CF><EB>,<B2>ο<BC><<CM3Ȩ<CD><FE>ָ<C4><CF>>><B5><DA><CE><E5><D5><C2>(87ҳ~92ҳ).
                   ^
./system\sys.h(11): warning: invalid UTF-8 in comment [-Winvalid-utf8]
//<BE><DF><CC><E5>ʵ<CF><D6>˼<CF><EB>,<B2>ο<BC><<CM3Ȩ<CD><FE>ָ<C4><CF>>><B5><DA><CE><E5><D5><C2>(87ҳ~92ҳ).
                            ^
./system\sys.h(11): warning: invalid UTF-8 in comment [-Winvalid-utf8]
//<BE><DF><CC><E5>ʵ<CF><D6>˼<CF><EB>,<B2>ο<BC><<CM3Ȩ<CD><FE>ָ<C4><CF>>><B5><DA><CE><E5><D5><C2>(87ҳ~92ҳ).
                                     ^
./system\sys.h(11): warning: invalid UTF-8 in comment [-Winvalid-utf8]
//<BE><DF><CC><E5>ʵ<CF><D6>˼<CF><EB>,<B2>ο<BC><<CM3Ȩ<CD><FE>ָ<C4><CF>>><B5><DA><CE><E5><D5><C2>(87ҳ~92ҳ).
                                          ^
./system\sys.h(11): warning: invalid UTF-8 in comment [-Winvalid-utf8]
//<BE><DF><CC><E5>ʵ<CF><D6>˼<CF><EB>,<B2>ο<BC><<CM3Ȩ<CD><FE>ָ<C4><CF>>><B5><DA><CE><E5><D5><C2>(87ҳ~92ҳ).
                                                    ^
./system\sys.h(11): warning: invalid UTF-8 in comment [-Winvalid-utf8]
//<BE><DF><CC><E5>ʵ<CF><D6>˼<CF><EB>,<B2>ο<BC><<CM3Ȩ<CD><FE>ָ<C4><CF>>><B5><DA><CE><E5><D5><C2>(87ҳ~92ҳ).
                                                            ^
./system\sys.h(11): warning: invalid UTF-8 in comment [-Winvalid-utf8]
//<BE><DF><CC><E5>ʵ<CF><D6>˼<CF><EB>,<B2>ο<BC><<CM3Ȩ<CD><FE>ָ<C4><CF>>><B5><DA><CE><E5><D5><C2>(87ҳ~92ҳ).
                                                                      ^
./system\sys.h(12): warning: invalid UTF-8 in comment [-Winvalid-utf8]
//IO<BF>ڲ<D9><D7><F7><BA>궨<D2><E5>
    ^
./system\sys.h(12): warning: invalid UTF-8 in comment [-Winvalid-utf8]
//IO<BF>ڲ<D9><D7><F7><BA>궨<D2><E5>
         ^
./system\sys.h(12): warning: invalid UTF-8 in comment [-Winvalid-utf8]
//IO<BF>ڲ<D9><D7><F7><BA>궨<D2><E5>
                           ^
./system\sys.h(16): warning: invalid UTF-8 in comment [-Winvalid-utf8]
//IO<BF>ڵ<D8>ַӳ<C9><E4>
    ^
./system\sys.h(16): warning: invalid UTF-8 in comment [-Winvalid-utf8]
//IO<BF>ڵ<D8>ַӳ<C9><E4>
         ^
./system\sys.h(16): warning: invalid UTF-8 in comment [-Winvalid-utf8]
//IO<BF>ڵ<D8>ַӳ<C9><E4>
              ^
./system\sys.h(33): warning: invalid UTF-8 in comment [-Winvalid-utf8]
//IO<BF>ڲ<D9><D7><F7>,ֻ<B6>Ե<A5>һ<B5><C4>IO<BF><DA>!
    ^
./system\sys.h(33): warning: invalid UTF-8 in comment [-Winvalid-utf8]
//IO<BF>ڲ<D9><D7><F7>,ֻ<B6>Ե<A5>һ<B5><C4>IO<BF><DA>!
         ^
./system\sys.h(33): warning: invalid UTF-8 in comment [-Winvalid-utf8]
//IO<BF>ڲ<D9><D7><F7>,ֻ<B6>Ե<A5>һ<B5><C4>IO<BF><DA>!
                      ^
./system\sys.h(33): warning: invalid UTF-8 in comment [-Winvalid-utf8]
//IO<BF>ڲ<D9><D7><F7>,ֻ<B6>Ե<A5>һ<B5><C4>IO<BF><DA>!
                           ^
./system\sys.h(33): warning: invalid UTF-8 in comment [-Winvalid-utf8]
//IO<BF>ڲ<D9><D7><F7>,ֻ<B6>Ե<A5>һ<B5><C4>IO<BF><DA>!
                                ^
./system\sys.h(33): warning: invalid UTF-8 in comment [-Winvalid-utf8]
//IO<BF>ڲ<D9><D7><F7>,ֻ<B6>Ե<A5>һ<B5><C4>IO<BF><DA>!
                                          ^
./system\sys.h(34): warning: invalid UTF-8 in comment [-Winvalid-utf8]
//ȷ<B1><A3>n<B5><C4>ֵС<D3><DA>16!
   ^
./system\sys.h(34): warning: invalid UTF-8 in comment [-Winvalid-utf8]
//ȷ<B1><A3>n<B5><C4>ֵС<D3><DA>16!
            ^
./system\sys.h(34): warning: invalid UTF-8 in comment [-Winvalid-utf8]
//ȷ<B1><A3>n<B5><C4>ֵС<D3><DA>16!
                     ^
./system\sys.h(35): warning: invalid UTF-8 in comment [-Winvalid-utf8]
#define PAout(n)   BIT_ADDR(GPIOA_ODR_Addr,n)  //<CA><E4><B3><F6> 
                                                 ^
./system\sys.h(36): warning: invalid UTF-8 in comment [-Winvalid-utf8]
#define PAin(n)    BIT_ADDR(GPIOA_IDR_Addr,n)  //<CA><E4><C8><EB> 
                                                 ^
./system\sys.h(38): warning: invalid UTF-8 in comment [-Winvalid-utf8]
#define PBout(n)   BIT_ADDR(GPIOB_ODR_Addr,n)  //<CA><E4><B3><F6> 
                                                 ^
./system\sys.h(39): warning: invalid UTF-8 in comment [-Winvalid-utf8]
#define PBin(n)    BIT_ADDR(GPIOB_IDR_Addr,n)  //<CA><E4><C8><EB> 
                                                 ^
./system\sys.h(41): warning: invalid UTF-8 in comment [-Winvalid-utf8]
#define PCout(n)   BIT_ADDR(GPIOC_ODR_Addr,n)  //<CA><E4><B3><F6> 
                                                 ^
./system\sys.h(42): warning: invalid UTF-8 in comment [-Winvalid-utf8]
#define PCin(n)    BIT_ADDR(GPIOC_IDR_Addr,n)  //<CA><E4><C8><EB> 
                                                 ^
./system\sys.h(44): warning: invalid UTF-8 in comment [-Winvalid-utf8]
#define PDout(n)   BIT_ADDR(GPIOD_ODR_Addr,n)  //<CA><E4><B3><F6> 
                                                 ^
./system\sys.h(45): warning: invalid UTF-8 in comment [-Winvalid-utf8]
#define PDin(n)    BIT_ADDR(GPIOD_IDR_Addr,n)  //<CA><E4><C8><EB> 
                                                 ^
./system\sys.h(47): warning: invalid UTF-8 in comment [-Winvalid-utf8]
#define PEout(n)   BIT_ADDR(GPIOE_ODR_Addr,n)  //<CA><E4><B3><F6> 
                                                 ^
./system\sys.h(48): warning: invalid UTF-8 in comment [-Winvalid-utf8]
#define PEin(n)    BIT_ADDR(GPIOE_IDR_Addr,n)  //<CA><E4><C8><EB>
                                                 ^
./system\sys.h(50): warning: invalid UTF-8 in comment [-Winvalid-utf8]
#define PFout(n)   BIT_ADDR(GPIOF_ODR_Addr,n)  //<CA><E4><B3><F6> 
                                                 ^
./system\sys.h(51): warning: invalid UTF-8 in comment [-Winvalid-utf8]
#define PFin(n)    BIT_ADDR(GPIOF_IDR_Addr,n)  //<CA><E4><C8><EB>
                                                 ^
./system\sys.h(53): warning: invalid UTF-8 in comment [-Winvalid-utf8]
#define PGout(n)   BIT_ADDR(GPIOG_ODR_Addr,n)  //<CA><E4><B3><F6> 
                                                 ^
./system\sys.h(54): warning: invalid UTF-8 in comment [-Winvalid-utf8]
#define PGin(n)    BIT_ADDR(GPIOG_IDR_Addr,n)  //<CA><E4>                                                                                      n7y<C8><EB>
                                                 ^
./system\sys.h(54): warning: invalid UTF-8 in comment [-Winvalid-utf8]
#define PGin(n)    BIT_ADDR(GPIOG_IDR_Addr,n)  //<CA><E4>                                                                                      n7y<C8><EB>
                                                                                                                                                  ^
main.c(12): warning: In file included from...
./system\delay.h(2): warning: invalid UTF-8 in comment [-Winvalid-utf8]
/* <C5>ж<CF>  __LED_H  <D3><D0>û<D3>ж<A8><D2><E5> 
   ^
./system\delay.h(2): warning: invalid UTF-8 in comment [-Winvalid-utf8]
/* <C5>ж<CF>  __LED_H  <D3><D0>û<D3>ж<A8><D2><E5> 
        ^
./system\delay.h(2): warning: invalid UTF-8 in comment [-Winvalid-utf8]
/* <C5>ж<CF>  __LED_H  <D3><D0>û<D3>ж<A8><D2><E5> 
                       ^
./system\delay.h(2): warning: invalid UTF-8 in comment [-Winvalid-utf8]
/* <C5>ж<CF>  __LED_H  <D3><D0>û<D3>ж<A8><D2><E5> 
                                ^
./system\delay.h(2): warning: invalid UTF-8 in comment [-Winvalid-utf8]
/* <C5>ж<CF>  __LED_H  <D3><D0>û<D3>ж<A8><D2><E5> 
                                     ^
./system\delay.h(3): warning: invalid UTF-8 in comment [-Winvalid-utf8]
        <C8><E7><B9><FB> 
        ^
./system\delay.h(4): warning: invalid UTF-8 in comment [-Winvalid-utf8]
                <D3>ж<A8><D2><E5>  <B2><BB>ִ<D0><D0>ifndef-endif<D6>м<E4><B5>Ĵ<FA><C2><EB>
                ^
./system\delay.h(4): warning: invalid UTF-8 in comment [-Winvalid-utf8]
                <D3>ж<A8><D2><E5>  <B2><BB>ִ<D0><D0>ifndef-endif<D6>м<E4><B5>Ĵ<FA><C2><EB>
                     ^
./system\delay.h(4): warning: invalid UTF-8 in comment [-Winvalid-utf8]
                <D3>ж<A8><D2><E5>  <B2><BB>ִ<D0><D0>ifndef-endif<D6>м<E4><B5>Ĵ<FA><C2><EB>
                                   ^
./system\delay.h(4): warning: invalid UTF-8 in comment [-Winvalid-utf8]
                <D3>ж<A8><D2><E5>  <B2><BB>ִ<D0><D0>ifndef-endif<D6>м<E4><B5>Ĵ<FA><C2><EB>
                                           ^
./system\delay.h(4): warning: invalid UTF-8 in comment [-Winvalid-utf8]
                <D3>ж<A8><D2><E5>  <B2><BB>ִ<D0><D0>ifndef-endif<D6>м<E4><B5>Ĵ<FA><C2><EB>
                                                               ^
./system\delay.h(4): warning: invalid UTF-8 in comment [-Winvalid-utf8]
                <D3>ж<A8><D2><E5>  <B2><BB>ִ<D0><D0>ifndef-endif<D6>м<E4><B5>Ĵ<FA><C2><EB>
                                                                    ^
./system\delay.h(4): warning: invalid UTF-8 in comment [-Winvalid-utf8]
                <D3>ж<A8><D2><E5>  <B2><BB>ִ<D0><D0>ifndef-endif<D6>м<E4><B5>Ĵ<FA><C2><EB>
                                                                             ^
./system\delay.h(5): warning: invalid UTF-8 in comment [-Winvalid-utf8]
                δ<B6><A8><D2><E5>  ִ<D0><D0>ifndef-endif<D6>м<E4><B5>Ĵ<FA><C2><EB>
                 ^
./system\delay.h(5): warning: invalid UTF-8 in comment [-Winvalid-utf8]
                δ<B6><A8><D2><E5>  ִ<D0><D0>ifndef-endif<D6>м<E4><B5>Ĵ<FA><C2><EB>
                                   ^
./system\delay.h(5): warning: invalid UTF-8 in comment [-Winvalid-utf8]
                δ<B6><A8><D2><E5>  ִ<D0><D0>ifndef-endif<D6>м<E4><B5>Ĵ<FA><C2><EB>
                                                       ^
./system\delay.h(5): warning: invalid UTF-8 in comment [-Winvalid-utf8]
                δ<B6><A8><D2><E5>  ִ<D0><D0>ifndef-endif<D6>м<E4><B5>Ĵ<FA><C2><EB>
                                                            ^
./system\delay.h(5): warning: invalid UTF-8 in comment [-Winvalid-utf8]
                δ<B6><A8><D2><E5>  ִ<D0><D0>ifndef-endif<D6>м<E4><B5>Ĵ<FA><C2><EB>
                                                                     ^
./system\delay.h(6): warning: invalid UTF-8 in comment [-Winvalid-utf8]
        ע<D2><E2><CA><C2><CF><EE>
         ^
./system\delay.h(7): warning: invalid UTF-8 in comment [-Winvalid-utf8]
                ͬһ<B8><F6><B9><A4><B3><CC><D6>У<AC> <D5><E2><C0><EF><C5>жϵĺ궨<D2>岻<C4><DC><D6>ظ<B4>
                 ^
./system\delay.h(7): warning: invalid UTF-8 in comment [-Winvalid-utf8]
                ͬһ<B8><F6><B9><A4><B3><CC><D6>У<AC> <D5><E2><C0><EF><C5>жϵĺ궨<D2>岻<C4><DC><D6>ظ<B4>
                                              ^
./system\delay.h(7): warning: invalid UTF-8 in comment [-Winvalid-utf8]
                ͬһ<B8><F6><B9><A4><B3><CC><D6>У<AC> <D5><E2><C0><EF><C5>жϵĺ궨<D2>岻<C4><DC><D6>ظ<B4>
                                                   ^
./system\delay.h(7): warning: invalid UTF-8 in comment [-Winvalid-utf8]
                ͬһ<B8><F6><B9><A4><B3><CC><D6>У<AC> <D5><E2><C0><EF><C5>жϵĺ궨<D2>岻<C4><DC><D6>ظ<B4>
                                                                            ^
./system\delay.h(7): warning: invalid UTF-8 in comment [-Winvalid-utf8]
                ͬһ<B8><F6><B9><A4><B3><CC><D6>У<AC> <D5><E2><C0><EF><C5>жϵĺ궨<D2>岻<C4><DC><D6>ظ<B4>
                                                                                  ^
./system\delay.h(7): warning: invalid UTF-8 in comment [-Winvalid-utf8]
                ͬһ<B8><F6><B9><A4><B3><CC><D6>У<AC> <D5><E2><C0><EF><C5>жϵĺ궨<D2>岻<C4><DC><D6>ظ<B4>
                                                                                               ^
./system\delay.h(8): warning: invalid UTF-8 in comment [-Winvalid-utf8]
                <B1><A3>֤һ<CF><C2><C1><BD><B8><F6><BA>궨<D2><E5><B5><C4><C4><DA><C8><DD>һ<D1><F9>
                ^
./system\delay.h(8): warning: invalid UTF-8 in comment [-Winvalid-utf8]
                <B1><A3>֤һ<CF><C2><C1><BD><B8><F6><BA>궨<D2><E5><B5><C4><C4><DA><C8><DD>һ<D1><F9>
                         ^
./system\delay.h(8): warning: invalid UTF-8 in comment [-Winvalid-utf8]
                <B1><A3>֤һ<CF><C2><C1><BD><B8><F6><BA>궨<D2><E5><B5><C4><C4><DA><C8><DD>һ<D1><F9>
                                                       ^
./system\delay.h(8): warning: invalid UTF-8 in comment [-Winvalid-utf8]
                <B1><A3>֤һ<CF><C2><C1><BD><B8><F6><BA>궨<D2><E5><B5><C4><C4><DA><C8><DD>һ<D1><F9>
                                                                                        ^
./system\delay.h(19): warning: // comments are not allowed in this language [-Wcomment]
//  <BA><AF><CA><FD><C9><F9><C3><F7>
^
./system\delay.h(19): warning: invalid UTF-8 in comment [-Winvalid-utf8]
//  <BA><AF><CA><FD><C9><F9><C3><F7>
    ^
./system\delay.h(20): warning: invalid UTF-8 in comment [-Winvalid-utf8]
void SysTick_Init (void);               // <B3><F5>ʼ<BB><AF> <B5>δ<F0><B6><A8>ʱ<C6><F7> <D1><D3>ʱ<BA><AF><CA><FD>
                                           ^
./system\delay.h(20): warning: invalid UTF-8 in comment [-Winvalid-utf8]
void SysTick_Init (void);               // <B3><F5>ʼ<BB><AF> <B5>δ<F0><B6><A8>ʱ<C6><F7> <D1><D3>ʱ<BA><AF><CA><FD>
                                                    ^
./system\delay.h(20): warning: invalid UTF-8 in comment [-Winvalid-utf8]
void SysTick_Init (void);               // <B3><F5>ʼ<BB><AF> <B5>δ<F0><B6><A8>ʱ<C6><F7> <D1><D3>ʱ<BA><AF><CA><FD>
                                                             ^
./system\delay.h(20): warning: invalid UTF-8 in comment [-Winvalid-utf8]
void SysTick_Init (void);               // <B3><F5>ʼ<BB><AF> <B5>δ<F0><B6><A8>ʱ<C6><F7> <D1><D3>ʱ<BA><AF><CA><FD>
                                                                  ^
./system\delay.h(20): warning: invalid UTF-8 in comment [-Winvalid-utf8]
void SysTick_Init (void);               // <B3><F5>ʼ<BB><AF> <B5>δ<F0><B6><A8>ʱ<C6><F7> <D1><D3>ʱ<BA><AF><CA><FD>
                                                                               ^
./system\delay.h(20): warning: invalid UTF-8 in comment [-Winvalid-utf8]
void SysTick_Init (void);               // <B3><F5>ʼ<BB><AF> <B5>δ<F0><B6><A8>ʱ<C6><F7> <D1><D3>ʱ<BA><AF><CA><FD>
                                                                                        ^
./system\delay.h(20): warning: invalid UTF-8 in comment [-Winvalid-utf8]
void SysTick_Init (void);               // <B3><F5>ʼ<BB><AF> <B5>δ<F0><B6><A8>ʱ<C6><F7> <D1><D3>ʱ<BA><AF><CA><FD>
                                                                                                 ^
./system\delay.h(21): warning: invalid UTF-8 in comment [-Winvalid-utf8]
void delay_us (u32 nus);        // <D1><D3>ʱ<BA><AF><CA><FD>  <D1><D3>ʱ<B5><A5>λ <U+03A2><C3><EE>
                                   ^
./system\delay.h(21): warning: invalid UTF-8 in comment [-Winvalid-utf8]
void delay_us (u32 nus);        // <D1><D3>ʱ<BA><AF><CA><FD>  <D1><D3>ʱ<B5><A5>λ <U+03A2><C3><EE>
                                            ^
./system\delay.h(21): warning: invalid UTF-8 in comment [-Winvalid-utf8]
void delay_us (u32 nus);        // <D1><D3>ʱ<BA><AF><CA><FD>  <D1><D3>ʱ<B5><A5>λ <U+03A2><C3><EE>
                                                              ^
./system\delay.h(21): warning: invalid UTF-8 in comment [-Winvalid-utf8]
void delay_us (u32 nus);        // <D1><D3>ʱ<BA><AF><CA><FD>  <D1><D3>ʱ<B5><A5>λ <U+03A2><C3><EE>
                                                                       ^
./system\delay.h(21): warning: invalid UTF-8 in comment [-Winvalid-utf8]
void delay_us (u32 nus);        // <D1><D3>ʱ<BA><AF><CA><FD>  <D1><D3>ʱ<B5><A5>λ <U+03A2><C3><EE>
                                                                                         ^
./system\delay.h(22): warning: invalid UTF-8 in comment [-Winvalid-utf8]
void delay_ms (u16 nms);        // <D1><D3>ʱ<BA><AF><CA><FD>  <D1><D3>ʱ<B5><A5>λ <BA><C1><C3><EE>
                                   ^
./system\delay.h(22): warning: invalid UTF-8 in comment [-Winvalid-utf8]
void delay_ms (u16 nms);        // <D1><D3>ʱ<BA><AF><CA><FD>  <D1><D3>ʱ<B5><A5>λ <BA><C1><C3><EE>
                                            ^
./system\delay.h(22): warning: invalid UTF-8 in comment [-Winvalid-utf8]
void delay_ms (u16 nms);        // <D1><D3>ʱ<BA><AF><CA><FD>  <D1><D3>ʱ<B5><A5>λ <BA><C1><C3><EE>
                                                              ^
./system\delay.h(22): warning: invalid UTF-8 in comment [-Winvalid-utf8]
void delay_ms (u16 nms);        // <D1><D3>ʱ<BA><AF><CA><FD>  <D1><D3>ʱ<B5><A5>λ <BA><C1><C3><EE>
                                                                       ^
./system\delay.h(22): warning: invalid UTF-8 in comment [-Winvalid-utf8]
void delay_ms (u16 nms);        // <D1><D3>ʱ<BA><AF><CA><FD>  <D1><D3>ʱ<B5><A5>λ <BA><C1><C3><EE>
                                                                                 ^
main.c(14): warning: // comments are not allowed in this language [-Wcomment]
extern char USART1_RX_BUF[128];                 // <BD><D3><CA>ջ<BA><B3><E5>,<D7><EE><B4><F3>USART_REC_LEN<B8><F6><D7>ֽ<DA>.
                                                ^
main.c(14): warning: invalid UTF-8 in comment [-Winvalid-utf8]
extern char USART1_RX_BUF[128];                 // <BD><D3><CA>ջ<BA><B3><E5>,<D7><EE><B4><F3>USART_REC_LEN<B8><F6><D7>ֽ<DA>.
                                                   ^
main.c(14): warning: invalid UTF-8 in comment [-Winvalid-utf8]
extern char USART1_RX_BUF[128];                 // <BD><D3><CA>ջ<BA><B3><E5>,<D7><EE><B4><F3>USART_REC_LEN<B8><F6><D7>ֽ<DA>.
                                                                ^
main.c(14): warning: invalid UTF-8 in comment [-Winvalid-utf8]
extern char USART1_RX_BUF[128];                 // <BD><D3><CA>ջ<BA><B3><E5>,<D7><EE><B4><F3>USART_REC_LEN<B8><F6><D7>ֽ<DA>.
                                                                             ^
main.c(14): warning: invalid UTF-8 in comment [-Winvalid-utf8]
extern char USART1_RX_BUF[128];                 // <BD><D3><CA>ջ<BA><B3><E5>,<D7><EE><B4><F3>USART_REC_LEN<B8><F6><D7>ֽ<DA>.
                                                                                                          ^
main.c(14): warning: invalid UTF-8 in comment [-Winvalid-utf8]
extern char USART1_RX_BUF[128];                 // <BD><D3><CA>ջ<BA><B3><E5>,<D7><EE><B4><F3>USART_REC_LEN<B8><F6><D7>ֽ<DA>.
                                                                                                                      ^
main.c(15): warning: invalid UTF-8 in comment [-Winvalid-utf8]
extern u16 USART1_RX_STA;                                               // <BD><D3><CA><D5>״̬<B1><EA><BC><C7> 
                                                                           ^
main.c(15): warning: invalid UTF-8 in comment [-Winvalid-utf8]
extern u16 USART1_RX_STA;                                               // <BD><D3><CA><D5>״̬<B1><EA><BC><C7> 
                                                                                            ^
main.c(16): warning: invalid UTF-8 in comment [-Winvalid-utf8]
extern u16 USART1_RX_num;                                               // <BD><D3><CA>ռ<C6><CA><FD>ƫ<D2><C6>
                                                                           ^
main.c(16): warning: invalid UTF-8 in comment [-Winvalid-utf8]
extern u16 USART1_RX_num;                                               // <BD><D3><CA>ռ<C6><CA><FD>ƫ<D2><C6>
                                                                                        ^
main.c(16): warning: invalid UTF-8 in comment [-Winvalid-utf8]
extern u16 USART1_RX_num;                                               // <BD><D3><CA>ռ<C6><CA><FD>ƫ<D2><C6>
                                                                                                     ^
main.c(18): warning: invalid UTF-8 in comment [-Winvalid-utf8]
extern char USART3_RX_BUF[128];                 // <BD><D3><CA>ջ<BA><B3><E5>,<D7><EE><B4><F3>USART_REC_LEN<B8><F6><D7>ֽ<DA>.
                                                   ^
main.c(18): warning: invalid UTF-8 in comment [-Winvalid-utf8]
extern char USART3_RX_BUF[128];                 // <BD><D3><CA>ջ<BA><B3><E5>,<D7><EE><B4><F3>USART_REC_LEN<B8><F6><D7>ֽ<DA>.
                                                                ^
main.c(18): warning: invalid UTF-8 in comment [-Winvalid-utf8]
extern char USART3_RX_BUF[128];                 // <BD><D3><CA>ջ<BA><B3><E5>,<D7><EE><B4><F3>USART_REC_LEN<B8><F6><D7>ֽ<DA>.
                                                                             ^
main.c(18): warning: invalid UTF-8 in comment [-Winvalid-utf8]
extern char USART3_RX_BUF[128];                 // <BD><D3><CA>ջ<BA><B3><E5>,<D7><EE><B4><F3>USART_REC_LEN<B8><F6><D7>ֽ<DA>.
                                                                                                          ^
main.c(18): warning: invalid UTF-8 in comment [-Winvalid-utf8]
extern char USART3_RX_BUF[128];                 // <BD><D3><CA>ջ<BA><B3><E5>,<D7><EE><B4><F3>USART_REC_LEN<B8><F6><D7>ֽ<DA>.
                                                                                                                      ^
main.c(19): warning: invalid UTF-8 in comment [-Winvalid-utf8]
extern u16 USART3_RX_STA;                                               // <BD><D3><CA><D5>״̬<B1><EA><BC><C7> 
                                                                           ^
main.c(19): warning: invalid UTF-8 in comment [-Winvalid-utf8]
extern u16 USART3_RX_STA;                                               // <BD><D3><CA><D5>״̬<B1><EA><BC><C7> 
                                                                                            ^
main.c(20): warning: invalid UTF-8 in comment [-Winvalid-utf8]
extern u16 USART3_RX_num;                                               // <BD><D3><CA>ռ<C6><CA><FD>ƫ<D2><C6>
                                                                           ^
main.c(20): warning: invalid UTF-8 in comment [-Winvalid-utf8]
extern u16 USART3_RX_num;                                               // <BD><D3><CA>ռ<C6><CA><FD>ƫ<D2><C6>
                                                                                        ^
main.c(20): warning: invalid UTF-8 in comment [-Winvalid-utf8]
extern u16 USART3_RX_num;                                               // <BD><D3><CA>ռ<C6><CA><FD>ƫ<D2><C6>
                                                                                                     ^
main.c(22): warning: no previous extern declaration for non-static variable 'PWM_left' [-Wmissing-variable-declarations]
u8 PWM_left=0;
   ^
main.c(22): note: declare 'static' if the variable is not intended to be used outside of this translation unit
u8 PWM_left=0;
^
main.c(23): warning: no previous extern declaration for non-static variable 'PWM_right' [-Wmissing-variable-declarations]
u8 PWM_right=0;
   ^
main.c(23): note: declare 'static' if the variable is not intended to be used outside of this translation unit
u8 PWM_right=0;
^
main.c(26): warning: no previous prototype for function 'Directive' [-Wmissing-prototypes]
int Directive(void){
    ^
main.c(26): note: declare 'static' if the function is not intended to be used outside of this translation unit
int Directive(void){
^
static 
main.c(149): warning: non-void function does not return a value [-Wreturn-type]
        }
        ^
main.c(153): warning: invalid UTF-8 in comment [-Winvalid-utf8]
        //<B4><AE><BF><DA>1,<B2><A8><CC><D8><C2><CA>115200bps,<BF><AA><C6><F4><BD><D3><CA><D5><D6>ж<CF>;<B4><AE><BF><DA>3,<B2><A8><CC><D8><C2><CA>9600bps,<BF><AA><C6><F4><BD><D3><CA><D5><D6>ж<CF>
          ^
main.c(153): warning: invalid UTF-8 in comment [-Winvalid-utf8]
        //<B4><AE><BF><DA>1,<B2><A8><CC><D8><C2><CA>115200bps,<BF><AA><C6><F4><BD><D3><CA><D5><D6>ж<CF>;<B4><AE><BF><DA>3,<B2><A8><CC><D8><C2><CA>9600bps,<BF><AA><C6><F4><BD><D3><CA><D5><D6>ж<CF>
                            ^
main.c(153): warning: invalid UTF-8 in comment [-Winvalid-utf8]
        //<B4><AE><BF><DA>1,<B2><A8><CC><D8><C2><CA>115200bps,<BF><AA><C6><F4><BD><D3><CA><D5><D6>ж<CF>;<B4><AE><BF><DA>3,<B2><A8><CC><D8><C2><CA>9600bps,<BF><AA><C6><F4><BD><D3><CA><D5><D6>ж<CF>
                                                              ^
main.c(153): warning: invalid UTF-8 in comment [-Winvalid-utf8]
        //<B4><AE><BF><DA>1,<B2><A8><CC><D8><C2><CA>115200bps,<BF><AA><C6><F4><BD><D3><CA><D5><D6>ж<CF>;<B4><AE><BF><DA>3,<B2><A8><CC><D8><C2><CA>9600bps,<BF><AA><C6><F4><BD><D3><CA><D5><D6>ж<CF>
                                                                                                   ^
main.c(153): warning: invalid UTF-8 in comment [-Winvalid-utf8]
        //<B4><AE><BF><DA>1,<B2><A8><CC><D8><C2><CA>115200bps,<BF><AA><C6><F4><BD><D3><CA><D5><D6>ж<CF>;<B4><AE><BF><DA>3,<B2><A8><CC><D8><C2><CA>9600bps,<BF><AA><C6><F4><BD><D3><CA><D5><D6>ж<CF>
                                                                                                        ^
main.c(153): warning: invalid UTF-8 in comment [-Winvalid-utf8]
        //<B4><AE><BF><DA>1,<B2><A8><CC><D8><C2><CA>115200bps,<BF><AA><C6><F4><BD><D3><CA><D5><D6>ж<CF>;<B4><AE><BF><DA>3,<B2><A8><CC><D8><C2><CA>9600bps,<BF><AA><C6><F4><BD><D3><CA><D5><D6>ж<CF>
                                                                                                                          ^
main.c(153): warning: invalid UTF-8 in comment [-Winvalid-utf8]
        //<B4><AE><BF><DA>1,<B2><A8><CC><D8><C2><CA>115200bps,<BF><AA><C6><F4><BD><D3><CA><D5><D6>ж<CF>;<B4><AE><BF><DA>3,<B2><A8><CC><D8><C2><CA>9600bps,<BF><AA><C6><F4><BD><D3><CA><D5><D6>ж<CF>
                                                                                                                                                          ^
main.c(153): warning: invalid UTF-8 in comment [-Winvalid-utf8]
        //<B4><AE><BF><DA>1,<B2><A8><CC><D8><C2><CA>115200bps,<BF><AA><C6><F4><BD><D3><CA><D5><D6>ж<CF>;<B4><AE><BF><DA>3,<B2><A8><CC><D8><C2><CA>9600bps,<BF><AA><C6><F4><BD><D3><CA><D5><D6>ж<CF>
                                                                                                                                                                                               ^
main.c(154): warning: implicit declaration of function 'USART1_Init' [-Wimplicit-function-declaration]
        USART1_Init(115200);
        ^
main.c(155): warning: implicit declaration of function 'USART3_Init' [-Wimplicit-function-declaration]
        USART3_Init(9600);
        ^
main.c(172): warning: invalid UTF-8 in comment [-Winvalid-utf8]
        //<C9><E8><D6><C3><D6>ж<CF><D3><C5><CF>ȼ<B6><B7><D6><D7><E9>2
          ^
main.c(172): warning: invalid UTF-8 in comment [-Winvalid-utf8]
        //<C9><E8><D6><C3><D6>ж<CF><D3><C5><CF>ȼ<B6><B7><D6><D7><E9>2
                               ^
main.c(172): warning: invalid UTF-8 in comment [-Winvalid-utf8]
        //<C9><E8><D6><C3><D6>ж<CF><D3><C5><CF>ȼ<B6><B7><D6><D7><E9>2
                                                ^
main.c(174): warning: invalid UTF-8 in comment [-Winvalid-utf8]
        //ϵͳ<B6><A8>ʱ<C6><F7><B3><F5>ʼ<BB><AF><A3><AC>ʱ<D6><D3>Դ<C0><B4><D7><D4>HCLK<A3><AC><C7>ҽ<F8><D0><D0>8<B7><D6>Ƶ<A3><AC>ϵͳ<B6><A8>ʱ<C6><F7>ʱ<D6><D3>Ƶ<C2><CA>=168MHz/8=21MHz
            ^
main.c(174): warning: invalid UTF-8 in comment [-Winvalid-utf8]
        //ϵͳ<B6><A8>ʱ<C6><F7><B3><F5>ʼ<BB><AF><A3><AC>ʱ<D6><D3>Դ<C0><B4><D7><D4>HCLK<A3><AC><C7>ҽ<F8><D0><D0>8<B7><D6>Ƶ<A3><AC>ϵͳ<B6><A8>ʱ<C6><F7>ʱ<D6><D3>Ƶ<C2><CA>=168MHz/8=21MHz
                     ^
main.c(174): warning: invalid UTF-8 in comment [-Winvalid-utf8]
        //ϵͳ<B6><A8>ʱ<C6><F7><B3><F5>ʼ<BB><AF><A3><AC>ʱ<D6><D3>Դ<C0><B4><D7><D4>HCLK<A3><AC><C7>ҽ<F8><D0><D0>8<B7><D6>Ƶ<A3><AC>ϵͳ<B6><A8>ʱ<C6><F7>ʱ<D6><D3>Ƶ<C2><CA>=168MHz/8=21MHz
                                      ^
main.c(174): warning: invalid UTF-8 in comment [-Winvalid-utf8]
        //ϵͳ<B6><A8>ʱ<C6><F7><B3><F5>ʼ<BB><AF><A3><AC>ʱ<D6><D3>Դ<C0><B4><D7><D4>HCLK<A3><AC><C7>ҽ<F8><D0><D0>8<B7><D6>Ƶ<A3><AC>ϵͳ<B6><A8>ʱ<C6><F7>ʱ<D6><D3>Ƶ<C2><CA>=168MHz/8=21MHz
                                                       ^
main.c(174): warning: invalid UTF-8 in comment [-Winvalid-utf8]
        //ϵͳ<B6><A8>ʱ<C6><F7><B3><F5>ʼ<BB><AF><A3><AC>ʱ<D6><D3>Դ<C0><B4><D7><D4>HCLK<A3><AC><C7>ҽ<F8><D0><D0>8<B7><D6>Ƶ<A3><AC>ϵͳ<B6><A8>ʱ<C6><F7>ʱ<D6><D3>Ƶ<C2><CA>=168MHz/8=21MHz
                                                                ^
main.c(174): warning: invalid UTF-8 in comment [-Winvalid-utf8]
        //ϵͳ<B6><A8>ʱ<C6><F7><B3><F5>ʼ<BB><AF><A3><AC>ʱ<D6><D3>Դ<C0><B4><D7><D4>HCLK<A3><AC><C7>ҽ<F8><D0><D0>8<B7><D6>Ƶ<A3><AC>ϵͳ<B6><A8>ʱ<C6><F7>ʱ<D6><D3>Ƶ<C2><CA>=168MHz/8=21MHz
                                                                                    ^
main.c(174): warning: invalid UTF-8 in comment [-Winvalid-utf8]
        //ϵͳ<B6><A8>ʱ<C6><F7><B3><F5>ʼ<BB><AF><A3><AC>ʱ<D6><D3>Դ<C0><B4><D7><D4>HCLK<A3><AC><C7>ҽ<F8><D0><D0>8<B7><D6>Ƶ<A3><AC>ϵͳ<B6><A8>ʱ<C6><F7>ʱ<D6><D3>Ƶ<C2><CA>=168MHz/8=21MHz
                                                                                                 ^
main.c(174): warning: invalid UTF-8 in comment [-Winvalid-utf8]
        //ϵͳ<B6><A8>ʱ<C6><F7><B3><F5>ʼ<BB><AF><A3><AC>ʱ<D6><D3>Դ<C0><B4><D7><D4>HCLK<A3><AC><C7>ҽ<F8><D0><D0>8<B7><D6>Ƶ<A3><AC>ϵͳ<B6><A8>ʱ<C6><F7>ʱ<D6><D3>Ƶ<C2><CA>=168MHz/8=21MHz
                                                                                                              ^
main.c(174): warning: invalid UTF-8 in comment [-Winvalid-utf8]
        //ϵͳ<B6><A8>ʱ<C6><F7><B3><F5>ʼ<BB><AF><A3><AC>ʱ<D6><D3>Դ<C0><B4><D7><D4>HCLK<A3><AC><C7>ҽ<F8><D0><D0>8<B7><D6>Ƶ<A3><AC>ϵͳ<B6><A8>ʱ<C6><F7>ʱ<D6><D3>Ƶ<C2><CA>=168MHz/8=21MHz
                                                                                                                       ^
main.c(174): warning: invalid UTF-8 in comment [-Winvalid-utf8]
        //ϵͳ<B6><A8>ʱ<C6><F7><B3><F5>ʼ<BB><AF><A3><AC>ʱ<D6><D3>Դ<C0><B4><D7><D4>HCLK<A3><AC><C7>ҽ<F8><D0><D0>8<B7><D6>Ƶ<A3><AC>ϵͳ<B6><A8>ʱ<C6><F7>ʱ<D6><D3>Ƶ<C2><CA>=168MHz/8=21MHz
                                                                                                                                 ^
main.c(174): warning: invalid UTF-8 in comment [-Winvalid-utf8]
        //ϵͳ<B6><A8>ʱ<C6><F7><B3><F5>ʼ<BB><AF><A3><AC>ʱ<D6><D3>Դ<C0><B4><D7><D4>HCLK<A3><AC><C7>ҽ<F8><D0><D0>8<B7><D6>Ƶ<A3><AC>ϵͳ<B6><A8>ʱ<C6><F7>ʱ<D6><D3>Ƶ<C2><CA>=168MHz/8=21MHz
                                                                                                                                          ^
main.c(174): warning: invalid UTF-8 in comment [-Winvalid-utf8]
        //ϵͳ<B6><A8>ʱ<C6><F7><B3><F5>ʼ<BB><AF><A3><AC>ʱ<D6><D3>Դ<C0><B4><D7><D4>HCLK<A3><AC><C7>ҽ<F8><D0><D0>8<B7><D6>Ƶ<A3><AC>ϵͳ<B6><A8>ʱ<C6><F7>ʱ<D6><D3>Ƶ<C2><CA>=168MHz/8=21MHz
                                                                                                                                                   ^
main.c(174): warning: invalid UTF-8 in comment [-Winvalid-utf8]
        //ϵͳ<B6><A8>ʱ<C6><F7><B3><F5>ʼ<BB><AF><A3><AC>ʱ<D6><D3>Դ<C0><B4><D7><D4>HCLK<A3><AC><C7>ҽ<F8><D0><D0>8<B7><D6>Ƶ<A3><AC>ϵͳ<B6><A8>ʱ<C6><F7>ʱ<D6><D3>Ƶ<C2><CA>=168MHz/8=21MHz
                                                                                                                                                            ^
main.c(185): warning: invalid UTF-8 in comment [-Winvalid-utf8]
//<B1><E0>д<B6><A8>ʱ<C6><F7>2 <B5><C4> <D6>жϷ<FE><CE><F1><BA><AF><CA><FD>- <BA><AF><CA><FD><C3><FB><B5><BD>startup_stm32f10x_md.s<CE>ļ<FE><D6><D0><D5><D2>
  ^
main.c(185): warning: invalid UTF-8 in comment [-Winvalid-utf8]
//<B1><E0>д<B6><A8>ʱ<C6><F7>2 <B5><C4> <D6>жϷ<FE><CE><F1><BA><AF><CA><FD>- <BA><AF><CA><FD><C3><FB><B5><BD>startup_stm32f10x_md.s<CE>ļ<FE><D6><D0><D5><D2>
           ^
main.c(185): warning: invalid UTF-8 in comment [-Winvalid-utf8]
//<B1><E0>д<B6><A8>ʱ<C6><F7>2 <B5><C4> <D6>жϷ<FE><CE><F1><BA><AF><CA><FD>- <BA><AF><CA><FD><C3><FB><B5><BD>startup_stm32f10x_md.s<CE>ļ<FE><D6><D0><D5><D2>
                    ^
main.c(185): warning: invalid UTF-8 in comment [-Winvalid-utf8]
//<B1><E0>д<B6><A8>ʱ<C6><F7>2 <B5><C4> <D6>жϷ<FE><CE><F1><BA><AF><CA><FD>- <BA><AF><CA><FD><C3><FB><B5><BD>startup_stm32f10x_md.s<CE>ļ<FE><D6><D0><D5><D2>
                              ^
main.c(185): warning: invalid UTF-8 in comment [-Winvalid-utf8]
//<B1><E0>д<B6><A8>ʱ<C6><F7>2 <B5><C4> <D6>жϷ<FE><CE><F1><BA><AF><CA><FD>- <BA><AF><CA><FD><C3><FB><B5><BD>startup_stm32f10x_md.s<CE>ļ<FE><D6><D0><D5><D2>
                                       ^
main.c(185): warning: invalid UTF-8 in comment [-Winvalid-utf8]
//<B1><E0>д<B6><A8>ʱ<C6><F7>2 <B5><C4> <D6>жϷ<FE><CE><F1><BA><AF><CA><FD>- <BA><AF><CA><FD><C3><FB><B5><BD>startup_stm32f10x_md.s<CE>ļ<FE><D6><D0><D5><D2>
                                             ^
main.c(185): warning: invalid UTF-8 in comment [-Winvalid-utf8]
//<B1><E0>д<B6><A8>ʱ<C6><F7>2 <B5><C4> <D6>жϷ<FE><CE><F1><BA><AF><CA><FD>- <BA><AF><CA><FD><C3><FB><B5><BD>startup_stm32f10x_md.s<CE>ļ<FE><D6><D0><D5><D2>
                                                                           ^
main.c(185): warning: invalid UTF-8 in comment [-Winvalid-utf8]
//<B1><E0>д<B6><A8>ʱ<C6><F7>2 <B5><C4> <D6>жϷ<FE><CE><F1><BA><AF><CA><FD>- <BA><AF><CA><FD><C3><FB><B5><BD>startup_stm32f10x_md.s<CE>ļ<FE><D6><D0><D5><D2>
                                                                                                                                 ^
main.c(185): warning: invalid UTF-8 in comment [-Winvalid-utf8]
//<B1><E0>д<B6><A8>ʱ<C6><F7>2 <B5><C4> <D6>жϷ<FE><CE><F1><BA><AF><CA><FD>- <BA><AF><CA><FD><C3><FB><B5><BD>startup_stm32f10x_md.s<CE>ļ<FE><D6><D0><D5><D2>
                                                                                                                                      ^
main.c(186): warning: a function declaration without a prototype is deprecated in all versions of C [-Wstrict-prototypes]
void TIM2_IRQHandler(){         // 100us<B2><FA><C9><FA>һ<B4><CE>
                    ^
                     void
main.c(186): warning: invalid UTF-8 in comment [-Winvalid-utf8]
void TIM2_IRQHandler(){         // 100us<B2><FA><C9><FA>һ<B4><CE>
                                        ^
main.c(186): warning: invalid UTF-8 in comment [-Winvalid-utf8]
void TIM2_IRQHandler(){         // 100us<B2><FA><C9><FA>һ<B4><CE>
                                                         ^
main.c(189): warning: invalid UTF-8 in comment [-Winvalid-utf8]
        //<C5>ж<CF><CA>Ƿ<F1>Ϊ<B6><A8>ʱ<CD><EA><B3>ɵ<C4><D6>ж<CF><C7><EB><C7><F3><D0>źŴ<A5><B7><A2>
          ^
main.c(189): warning: invalid UTF-8 in comment [-Winvalid-utf8]
        //<C5>ж<CF><CA>Ƿ<F1>Ϊ<B6><A8>ʱ<CD><EA><B3>ɵ<C4><D6>ж<CF><C7><EB><C7><F3><D0>źŴ<A5><B7><A2>
               ^
main.c(189): warning: invalid UTF-8 in comment [-Winvalid-utf8]
        //<C5>ж<CF><CA>Ƿ<F1>Ϊ<B6><A8>ʱ<CD><EA><B3>ɵ<C4><D6>ж<CF><C7><EB><C7><F3><D0>źŴ<A5><B7><A2>
                        ^
main.c(189): warning: invalid UTF-8 in comment [-Winvalid-utf8]
        //<C5>ж<CF><CA>Ƿ<F1>Ϊ<B6><A8>ʱ<CD><EA><B3>ɵ<C4><D6>ж<CF><C7><EB><C7><F3><D0>źŴ<A5><B7><A2>
                             ^
main.c(189): warning: invalid UTF-8 in comment [-Winvalid-utf8]
        //<C5>ж<CF><CA>Ƿ<F1>Ϊ<B6><A8>ʱ<CD><EA><B3>ɵ<C4><D6>ж<CF><C7><EB><C7><F3><D0>źŴ<A5><B7><A2>
                                      ^
main.c(189): warning: invalid UTF-8 in comment [-Winvalid-utf8]
        //<C5>ж<CF><CA>Ƿ<F1>Ϊ<B6><A8>ʱ<CD><EA><B3>ɵ<C4><D6>ж<CF><C7><EB><C7><F3><D0>źŴ<A5><B7><A2>
                                                   ^
main.c(189): warning: invalid UTF-8 in comment [-Winvalid-utf8]
        //<C5>ж<CF><CA>Ƿ<F1>Ϊ<B6><A8>ʱ<CD><EA><B3>ɵ<C4><D6>ж<CF><C7><EB><C7><F3><D0>źŴ<A5><B7><A2>
                                                            ^
main.c(189): warning: invalid UTF-8 in comment [-Winvalid-utf8]
        //<C5>ж<CF><CA>Ƿ<F1>Ϊ<B6><A8>ʱ<CD><EA><B3>ɵ<C4><D6>ж<CF><C7><EB><C7><F3><D0>źŴ<A5><B7><A2>
                                                                                      ^
main.c(198): warning: invalid UTF-8 in comment [-Winvalid-utf8]
                        GPIO_SetBits(GPIOD,GPIO_Pin_4);                 // ENA<CA><E4><B3><F6><B8>ߵ<E7>ƽ                1
                                                                              ^
main.c(198): warning: invalid UTF-8 in comment [-Winvalid-utf8]
                        GPIO_SetBits(GPIOD,GPIO_Pin_4);                 // ENA<CA><E4><B3><F6><B8>ߵ<E7>ƽ                1
                                                                                                   ^
main.c(200): warning: invalid UTF-8 in comment [-Winvalid-utf8]
                        GPIO_ResetBits(GPIOD,GPIO_Pin_4);               // ENA<CA><E4><B3><F6><B5>͵<E7>ƽ                0
                                                                              ^
main.c(200): warning: invalid UTF-8 in comment [-Winvalid-utf8]
                        GPIO_ResetBits(GPIOD,GPIO_Pin_4);               // ENA<CA><E4><B3><F6><B5>͵<E7>ƽ                0
                                                                                                   ^
main.c(203): warning: invalid UTF-8 in comment [-Winvalid-utf8]
                        GPIO_SetBits(GPIOD,GPIO_Pin_2);                 // ENB<CA><E4><B3><F6><B8>ߵ<E7>ƽ                1
                                                                              ^
main.c(203): warning: invalid UTF-8 in comment [-Winvalid-utf8]
                        GPIO_SetBits(GPIOD,GPIO_Pin_2);                 // ENB<CA><E4><B3><F6><B8>ߵ<E7>ƽ                1
                                                                                                   ^
main.c(205): warning: invalid UTF-8 in comment [-Winvalid-utf8]
                        GPIO_ResetBits(GPIOD,GPIO_Pin_2);               // ENB<CA><E4><B3><F6><B5>͵<E7>ƽ                1
                                                                              ^
main.c(205): warning: invalid UTF-8 in comment [-Winvalid-utf8]
                        GPIO_ResetBits(GPIOD,GPIO_Pin_2);               // ENB<CA><E4><B3><F6><B5>͵<E7>ƽ                1
                                                                                                   ^
main.c(207): warning: invalid UTF-8 in comment [-Winvalid-utf8]
                //<C7><E5><BF><D5><D6>жϴ<A5><B7><A2><B5>ı<EA>־
                  ^
main.c(207): warning: invalid UTF-8 in comment [-Winvalid-utf8]
                //<C7><E5><BF><D5><D6>жϴ<A5><B7><A2><B5>ı<EA>־
                                        ^
main.c(207): warning: invalid UTF-8 in comment [-Winvalid-utf8]
                //<C7><E5><BF><D5><D6>жϴ<A5><B7><A2><B5>ı<EA>־
                                                         ^
main.c(186): warning: no previous prototype for function 'TIM2_IRQHandler' [-Wmissing-prototypes]
void TIM2_IRQHandler(){         // 100us<B2><FA><C9><FA>һ<B4><CE>
     ^
main.c(186): note: declare 'static' if the function is not intended to be used outside of this translation unit
void TIM2_IRQHandler(){         // 100us<B2><FA><C9><FA>һ<B4><CE>
^
static 
main.c(212): warning: invalid UTF-8 in comment [-Winvalid-utf8]
void USART1_IRQHandler(void){                                                           // <B4><AE><BF><DA>1<D6>жϷ<FE><CE><F1><B3><CC><D0><F2> <BD><D3><CA><D5><D7>ַ<FB><B4><AE>{
                                                                                           ^
main.c(212): warning: invalid UTF-8 in comment [-Winvalid-utf8]
void USART1_IRQHandler(void){                                                           // <B4><AE><BF><DA>1<D6>жϷ<FE><CE><F1><B3><CC><D0><F2> <BD><D3><CA><D5><D7>ַ<FB><B4><AE>{
                                                                                                            ^
main.c(212): warning: invalid UTF-8 in comment [-Winvalid-utf8]
void USART1_IRQHandler(void){                                                           // <B4><AE><BF><DA>1<D6>жϷ<FE><CE><F1><B3><CC><D0><F2> <BD><D3><CA><D5><D7>ַ<FB><B4><AE>{
                                                                                                                  ^
main.c(212): warning: invalid UTF-8 in comment [-Winvalid-utf8]
void USART1_IRQHandler(void){                                                           // <B4><AE><BF><DA>1<D6>жϷ<FE><CE><F1><B3><CC><D0><F2> <BD><D3><CA><D5><D7>ַ<FB><B4><AE>{
                                                                                                                                               ^
main.c(212): warning: invalid UTF-8 in comment [-Winvalid-utf8]
void USART1_IRQHandler(void){                                                           // <B4><AE><BF><DA>1<D6>жϷ<FE><CE><F1><B3><CC><D0><F2> <BD><D3><CA><D5><D7>ַ<FB><B4><AE>{
                                                                                                                                                                   ^
main.c(213): warning: invalid UTF-8 in comment [-Winvalid-utf8]
        if(USART_GetITStatus(USART1, USART_IT_RXNE) != RESET)                   // <BD><D3><CA><D5><D6>ж<CF>(<BD><D3><CA>յ<BD><B5><C4><CA><FD><BE>ݱ<D8><D0><EB><CA><C7>0x0d 0x
                                                                                   ^
main.c(213): warning: invalid UTF-8 in comment [-Winvalid-utf8]
        if(USART_GetITStatus(USART1, USART_IT_RXNE) != RESET)                   // <BD><D3><CA><D5><D6>ж<CF>(<BD><D3><CA>յ<BD><B5><C4><CA><FD><BE>ݱ<D8><D0><EB><CA><C7>0x0d 0x
                                                                                                        ^
main.c(213): warning: invalid UTF-8 in comment [-Winvalid-utf8]
        if(USART_GetITStatus(USART1, USART_IT_RXNE) != RESET)                   // <BD><D3><CA><D5><D6>ж<CF>(<BD><D3><CA>յ<BD><B5><C4><CA><FD><BE>ݱ<D8><D0><EB><CA><C7>0x0d 0x
                                                                                                             ^
main.c(213): warning: invalid UTF-8 in comment [-Winvalid-utf8]
        if(USART_GetITStatus(USART1, USART_IT_RXNE) != RESET)                   // <BD><D3><CA><D5><D6>ж<CF>(<BD><D3><CA>յ<BD><B5><C4><CA><FD><BE>ݱ<D8><D0><EB><CA><C7>0x0d 0x
                                                                                                                          ^
main.c(213): warning: invalid UTF-8 in comment [-Winvalid-utf8]
        if(USART_GetITStatus(USART1, USART_IT_RXNE) != RESET)                   // <BD><D3><CA><D5><D6>ж<CF>(<BD><D3><CA>յ<BD><B5><C4><CA><FD><BE>ݱ<D8><D0><EB><CA><C7>0x0d 0x
                                                                                                                                                   ^
main.c(215): warning: invalid UTF-8 in comment [-Winvalid-utf8]
                USART1_RX_BUF[USART1_RX_num++] = USART_ReceiveData(USART1);     // <B6><C1>ȡ<BD><D3><CA>յ<BD><B5><C4><CA><FD><BE><DD>
                                                                                   ^
main.c(215): warning: invalid UTF-8 in comment [-Winvalid-utf8]
                USART1_RX_BUF[USART1_RX_num++] = USART_ReceiveData(USART1);     // <B6><C1>ȡ<BD><D3><CA>յ<BD><B5><C4><CA><FD><BE><DD>
                                                                                            ^
main.c(215): warning: invalid UTF-8 in comment [-Winvalid-utf8]
                USART1_RX_BUF[USART1_RX_num++] = USART_ReceiveData(USART1);     // <B6><C1>ȡ<BD><D3><CA>յ<BD><B5><C4><CA><FD><BE><DD>
                                                                                                         ^
main.c(217): warning: invalid UTF-8 in comment [-Winvalid-utf8]
        //<BD><AB><BD><D3><CA>յ<BD><B5><C4><CA><FD><BE><DD>ת<B7><A2><B5><BD><B4><AE><BF><DA>1<CF><D4>ʾ
          ^
main.c(217): warning: invalid UTF-8 in comment [-Winvalid-utf8]
        //<BD><AB><BD><D3><CA>յ<BD><B5><C4><CA><FD><BE><DD>ת<B7><A2><B5><BD><B4><AE><BF><DA>1<CF><D4>ʾ
                               ^
main.c(217): warning: invalid UTF-8 in comment [-Winvalid-utf8]
        //<BD><AB><BD><D3><CA>յ<BD><B5><C4><CA><FD><BE><DD>ת<B7><A2><B5><BD><B4><AE><BF><DA>1<CF><D4>ʾ
                                                            ^
main.c(217): warning: invalid UTF-8 in comment [-Winvalid-utf8]
        //<BD><AB><BD><D3><CA>յ<BD><B5><C4><CA><FD><BE><DD>ת<B7><A2><B5><BD><B4><AE><BF><DA>1<CF><D4>ʾ
                                                                                             ^
main.c(215): warning: implicit conversion loses integer precision: 'uint16_t' (aka 'unsigned short') to 'char' [-Wimplicit-int-conversion]
                USART1_RX_BUF[USART1_RX_num++] = USART_ReceiveData(USART1);     // <B6><C1>ȡ<BD><D3><CA>յ<BD><B5><C4><CA><FD><BE><DD>
                                               ~ ^~~~~~~~~~~~~~~~~~~~~~~~~
main.c(221): warning: invalid UTF-8 in comment [-Winvalid-utf8]
        //<BC><EC><B2><U+2D7D><BB><BB><D0>з<FB><BB><F2><BD><D3><CA>յ<C4><CA><FD><BE><DD><C2><FA><B5><C4>ʱ<BA><F2><D4><F2><B7><A2><CB><CD><CA><FD><BE><DD>            
          ^
main.c(221): warning: invalid UTF-8 in comment [-Winvalid-utf8]
        //<BC><EC><B2><U+2D7D><BB><BB><D0>з<FB><BB><F2><BD><D3><CA>յ<C4><CA><FD><BE><DD><C2><FA><B5><C4>ʱ<BA><F2><D4><F2><B7><A2><CB><CD><CA><FD><BE><DD>            
                              ^
main.c(221): warning: invalid UTF-8 in comment [-Winvalid-utf8]
        //<BC><EC><B2><U+2D7D><BB><BB><D0>з<FB><BB><F2><BD><D3><CA>յ<C4><CA><FD><BE><DD><C2><FA><B5><C4>ʱ<BA><F2><D4><F2><B7><A2><CB><CD><CA><FD><BE><DD>            
                                           ^
main.c(221): warning: invalid UTF-8 in comment [-Winvalid-utf8]
        //<BC><EC><B2><U+2D7D><BB><BB><D0>з<FB><BB><F2><BD><D3><CA>յ<C4><CA><FD><BE><DD><C2><FA><B5><C4>ʱ<BA><F2><D4><F2><B7><A2><CB><CD><CA><FD><BE><DD>            
                                                                    ^
main.c(221): warning: invalid UTF-8 in comment [-Winvalid-utf8]
        //<BC><EC><B2><U+2D7D><BB><BB><D0>з<FB><BB><F2><BD><D3><CA>յ<C4><CA><FD><BE><DD><C2><FA><B5><C4>ʱ<BA><F2><D4><F2><B7><A2><CB><CD><CA><FD><BE><DD>            
                                                                                                         ^
main.c(222): warning: invalid UTF-8 in comment [-Winvalid-utf8]
                if(USART1_RX_BUF[USART1_RX_num-1] == '\n' || USART1_RX_num >= (sizeof USART1_RX_BUF)-1)         //<B2><BB>
                                                                                                                  ^
main.c(224): warning: invalid UTF-8 in comment [-Winvalid-utf8]
                        USART1_RX_STA = 1;                                                                              // <D3><F6><B5><BD><BB><BB><D0>б<ED>ʾ<BD><D3><CA>յ<BD>һ<D5><FB><B8><F6><D7>ַ<FB><B4><AE> <D6><D0>
                                                                                                                           ^
main.c(224): warning: invalid UTF-8 in comment [-Winvalid-utf8]
                        USART1_RX_STA = 1;                                                                              // <D3><F6><B5><BD><BB><BB><D0>б<ED>ʾ<BD><D3><CA>յ<BD>һ<D5><FB><B8><F6><D7>ַ<FB><B4><AE> <D6><D0>
                                                                                                                                                        ^
main.c(224): warning: invalid UTF-8 in comment [-Winvalid-utf8]
                        USART1_RX_STA = 1;                                                                              // <D3><F6><B5><BD><BB><BB><D0>б<ED>ʾ<BD><D3><CA>յ<BD>һ<D5><FB><B8><F6><D7>ַ<FB><B4><AE> <D6><D0>
                                                                                                                                                             ^
main.c(224): warning: invalid UTF-8 in comment [-Winvalid-utf8]
                        USART1_RX_STA = 1;                                                                              // <D3><F6><B5><BD><BB><BB><D0>б<ED>ʾ<BD><D3><CA>յ<BD>һ<D5><FB><B8><F6><D7>ַ<FB><B4><AE> <D6><D0>
                                                                                                                                                                          ^
main.c(224): warning: invalid UTF-8 in comment [-Winvalid-utf8]
                        USART1_RX_STA = 1;                                                                              // <D3><F6><B5><BD><BB><BB><D0>б<ED>ʾ<BD><D3><CA>յ<BD>һ<D5><FB><B8><F6><D7>ַ<FB><B4><AE> <D6><D0>
                                                                                                                                                                               ^
main.c(224): warning: invalid UTF-8 in comment [-Winvalid-utf8]
                        USART1_RX_STA = 1;                                                                              // <D3><F6><B5><BD><BB><BB><D0>б<ED>ʾ<BD><D3><CA>յ<BD>һ<D5><FB><B8><F6><D7>ַ<FB><B4><AE> <D6><D0>
                                                                                                                                                                                                   ^
main.c(224): warning: invalid UTF-8 in comment [-Winvalid-utf8]
                        USART1_RX_STA = 1;                                                                              // <D3><F6><B5><BD><BB><BB><D0>б<ED>ʾ<BD><D3><CA>յ<BD>һ<D5><FB><B8><F6><D7>ַ<FB><B4><AE> <D6><D0>
                                                                                                                                                                                                                ^
main.c(225): warning: invalid UTF-8 in comment [-Winvalid-utf8]
//                      USART1_RX_num = 0;                                                                              // <BD><D3><CA><D5>ƫ<D2><C6><D6><D8><D0>¼<C6><CA><FD>
                                                                                                                           ^
main.c(225): warning: invalid UTF-8 in comment [-Winvalid-utf8]
//                      USART1_RX_num = 0;                                                                              // <BD><D3><CA><D5>ƫ<D2><C6><D6><D8><D0>¼<C6><CA><FD>
                                                                                                                                            ^
main.c(225): warning: invalid UTF-8 in comment [-Winvalid-utf8]
//                      USART1_RX_num = 0;                                                                              // <BD><D3><CA><D5>ƫ<D2><C6><D6><D8><D0>¼<C6><CA><FD>
                                                                                                                                                                 ^
main.c(226): warning: implicit declaration of function 'USART3_SendBytes' [-Wimplicit-function-declaration]
            USART3_SendBytes(USART1_RX_BUF,USART1_RX_num);
            ^
main.c(212): warning: no previous prototype for function 'USART1_IRQHandler' [-Wmissing-prototypes]
void USART1_IRQHandler(void){                                                           // <B4><AE><BF><DA>1<D6>жϷ<FE><CE><F1><B3><CC><D0><F2> <BD><D3><CA><D5><D7>ַ<FB><B4><AE>{
     ^
main.c(212): note: declare 'static' if the function is not intended to be used outside of this translation unit
void USART1_IRQHandler(void){                                                           // <B4><AE><BF><DA>1<D6>жϷ<FE><CE><F1><B3><CC><D0><F2> <BD><D3><CA><D5><D7>ַ<FB><B4><AE>{
^
static 
main.c(238): warning: invalid UTF-8 in comment [-Winvalid-utf8]
                //<B4>Ӵ<AE><BF><DA>2<BD><D3><CA><D5><CA><FD><BE><DD>
                  ^
main.c(238): warning: invalid UTF-8 in comment [-Winvalid-utf8]
                //<B4>Ӵ<AE><BF><DA>2<BD><D3><CA><D5><CA><FD><BE><DD>
                       ^
main.c(238): warning: invalid UTF-8 in comment [-Winvalid-utf8]
                //<B4>Ӵ<AE><BF><DA>2<BD><D3><CA><D5><CA><FD><BE><DD>
                                    ^
main.c(241): warning: invalid UTF-8 in comment [-Winvalid-utf8]
        //<BD><AB><BD><D3><CA>յ<BD><B5><C4><CA><FD><BE><DD>ת<B7><A2><B5><BD><B4><AE><BF><DA>1<CF><D4>ʾ
          ^
main.c(241): warning: invalid UTF-8 in comment [-Winvalid-utf8]
        //<BD><AB><BD><D3><CA>յ<BD><B5><C4><CA><FD><BE><DD>ת<B7><A2><B5><BD><B4><AE><BF><DA>1<CF><D4>ʾ
                               ^
main.c(241): warning: invalid UTF-8 in comment [-Winvalid-utf8]
        //<BD><AB><BD><D3><CA>յ<BD><B5><C4><CA><FD><BE><DD>ת<B7><A2><B5><BD><B4><AE><BF><DA>1<CF><D4>ʾ
                                                            ^
main.c(241): warning: invalid UTF-8 in comment [-Winvalid-utf8]
        //<BD><AB><BD><D3><CA>յ<BD><B5><C4><CA><FD><BE><DD>ת<B7><A2><B5><BD><B4><AE><BF><DA>1<CF><D4>ʾ
                                                                                             ^
main.c(239): warning: implicit conversion loses integer precision: 'uint16_t' (aka 'unsigned short') to 'char' [-Wimplicit-int-conversion]
                USART3_RX_BUF[USART3_RX_num++]=USART_ReceiveData(USART3);
                                              ~^~~~~~~~~~~~~~~~~~~~~~~~~
main.c(245): warning: invalid UTF-8 in comment [-Winvalid-utf8]
                //<BC><EC><B2><U+2D7D><BB><BB><D0>з<FB><BB><F2><BD><D3><CA>յ<C4><CA><FD><BE><DD><C2><FA><B5><C4>ʱ<BA><F2><D4><F2><B7><A2><CB><CD><CA><FD><BE><DD>
                  ^
main.c(245): warning: invalid UTF-8 in comment [-Winvalid-utf8]
                //<BC><EC><B2><U+2D7D><BB><BB><D0>з<FB><BB><F2><BD><D3><CA>յ<C4><CA><FD><BE><DD><C2><FA><B5><C4>ʱ<BA><F2><D4><F2><B7><A2><CB><CD><CA><FD><BE><DD>
                                      ^
main.c(245): warning: invalid UTF-8 in comment [-Winvalid-utf8]
                //<BC><EC><B2><U+2D7D><BB><BB><D0>з<FB><BB><F2><BD><D3><CA>յ<C4><CA><FD><BE><DD><C2><FA><B5><C4>ʱ<BA><F2><D4><F2><B7><A2><CB><CD><CA><FD><BE><DD>
                                                   ^
main.c(245): warning: invalid UTF-8 in comment [-Winvalid-utf8]
                //<BC><EC><B2><U+2D7D><BB><BB><D0>з<FB><BB><F2><BD><D3><CA>յ<C4><CA><FD><BE><DD><C2><FA><B5><C4>ʱ<BA><F2><D4><F2><B7><A2><CB><CD><CA><FD><BE><DD>
                                                                            ^
main.c(245): warning: invalid UTF-8 in comment [-Winvalid-utf8]
                //<BC><EC><B2><U+2D7D><BB><BB><D0>з<FB><BB><F2><BD><D3><CA>յ<C4><CA><FD><BE><DD><C2><FA><B5><C4>ʱ<BA><F2><D4><F2><B7><A2><CB><CD><CA><FD><BE><DD>
                                                                                                                 ^
main.c(249): warning: implicit declaration of function 'USART1_SendBytes' [-Wimplicit-function-declaration]
                        USART1_SendBytes(USART3_RX_BUF,USART3_RX_num);
                        ^
main.c(256): warning: no newline at end of file [-Wnewline-eof]
}
 ^
main.c(233): warning: no previous prototype for function 'USART3_IRQHandler' [-Wmissing-prototypes]
void USART3_IRQHandler(void){   
     ^
main.c(233): note: declare 'static' if the function is not intended to be used outside of this translation unit
void USART3_IRQHandler(void){   
^
static 
257 warnings generated.
compiling main.c...
linking...
Program Size: Code=12494 RO-data=430 RW-data=8 ZI-data=1304  
FromELF: creating hex file...
".\Objects\znxc.axf" - 0 Error(s), 257 Warning(s).

<h2>Software Packages used:</h2>

Package Vendor: ARM
                http://www.keil.com/pack/ARM.CMSIS.5.9.0.pack
                ARM.CMSIS.5.9.0
                CMSIS (Common Microcontroller Software Interface Standard)
   * Component: CORE Version: 5.6.0

Package Vendor: Keil
                http://www.keil.com/pack/Keil.STM32F1xx_DFP.1.0.5.pack
                Keil.STM32F1xx_DFP.1.0.5
                STMicroelectronics STM32F1 Series Device Support, Drivers and Examples
   * Component: Startup Version: 1.0.0
   * Component: EXTI Version: 3.5.0
   * Component: Framework Version: 3.5.1
   * Component: GPIO Version: 3.5.0
   * Component: RCC Version: 3.5.0
   * Component: TIM Version: 3.5.0
   * Component: USART Version: 3.5.0

<h2>Collection of Component include folders:</h2>
  ./RTE/Device/STM32F103ZE
  ./RTE/_user
  D:/Keil_v5/ARM/CMSIS/5.9.0/CMSIS/Core/Include
  D:/Keil_v5/Keil/STM32F1xx_DFP/1.0.5/Device/Include
  D:/Keil_v5/Keil/STM32F1xx_DFP/1.0.5/Device/StdPeriph_Driver/inc

<h2>Collection of Component Files used:</h2>

   * Component: ARM::CMSIS:CORE:5.6.0

   * Component: Keil::Device:Startup:1.0.0
      Source file:   Device/Source/ARM/STM32F1xx_OPT.s
      Source file:   Device/Source/system_stm32f10x.c
      Source file:   Device/Source/ARM/startup_stm32f10x_hd.s
      Include file:  RTE_Driver/Config/RTE_Device.h

   * Component: Keil::Device:StdPeriph Drivers:EXTI:3.5.0
      Source file:   Device/StdPeriph_Driver/src/stm32f10x_exti.c
      Include file:  Device/StdPeriph_Driver/inc/stm32f10x_exti.h

   * Component: Keil::Device:StdPeriph Drivers:Framework:3.5.1
      Source file:   Device/StdPeriph_Driver/templates/stm32f10x_conf.h
      Source file:   Device/StdPeriph_Driver/templates/stm32f10x_it.c
      Source file:   Device/StdPeriph_Driver/src/misc.c

   * Component: Keil::Device:StdPeriph Drivers:GPIO:3.5.0
      Include file:  Device/StdPeriph_Driver/inc/stm32f10x_gpio.h
      Source file:   Device/StdPeriph_Driver/src/stm32f10x_gpio.c

   * Component: Keil::Device:StdPeriph Drivers:RCC:3.5.0
      Source file:   Device/StdPeriph_Driver/src/stm32f10x_rcc.c
      Include file:  Device/StdPeriph_Driver/inc/stm32f10x_rcc.h

   * Component: Keil::Device:StdPeriph Drivers:TIM:3.5.0
      Include file:  Device/StdPeriph_Driver/inc/stm32f10x_tim.h
      Source file:   Device/StdPeriph_Driver/src/stm32f10x_tim.c

   * Component: Keil::Device:StdPeriph Drivers:USART:3.5.0
      Source file:   Device/StdPeriph_Driver/src/stm32f10x_usart.c
      Include file:  Device/StdPeriph_Driver/inc/stm32f10x_usart.h
Build Time Elapsed:  00:00:08
</pre>
</body>
</html>
