Component: Arm Compiler for Embedded 6.19 Tool: armlink [5e73cb00]

==============================================================================

Section Cross References

    main.o(.text.Directive) refers to usart.o(.bss.USART1_RX_STA) for USART1_RX_STA
    main.o(.text.Directive) refers to main.o(.rodata.str1.1) for .L.str
    main.o(.text.Directive) refers to usart.o(.bss.USART1_RX_BUF) for USART1_RX_BUF
    main.o(.text.Directive) refers to printfa.o(i.__0printf) for printf
    main.o(.text.Directive) refers to strstr.o(.text) for strstr
    main.o(.text.Directive) refers to led.o(.text.Anquan) for Anquan
    main.o(.text.Directive) refers to motor - 2.0.o(.text.GO) for GO
    main.o(.text.Directive) refers to led.o(.text.Noanquan) for Noanquan
    main.o(.text.Directive) refers to motor - 2.0.o(.text.BIGLEFT) for BIGLEFT
    main.o(.text.Directive) refers to motor - 2.0.o(.text.BIGRIGHT) for BIGRIGHT
    main.o(.text.Directive) refers to motor - 2.0.o(.text.BACK) for BACK
    main.o(.text.Directive) refers to led.o(.text.Minianquan) for Minianquan
    main.o(.text.Directive) refers to motor - 2.0.o(.text.STOP) for STOP
    main.o(.text.Directive) refers to motor - 2.0.o(.text.SanxianControl) for SanxianControl
    main.o(.text.Directive) refers to motor - 2.0.o(.text.HongwaiControl) for HongwaiControl
    main.o(.text.Directive) refers to sr04.o(.text.Moshushou) for Moshushou
    main.o(.text.Directive) refers to sr04.o(.text.Ruku) for Ruku
    main.o(.text.Directive) refers to strlen.o(.text) for strlen
    main.o(.text.Directive) refers to memseta.o(.text) for __aeabi_memclr
    main.o(.text.Directive) refers to usart.o(.bss.USART3_RX_STA) for USART3_RX_STA
    main.o(.text.Directive) refers to usart.o(.bss.USART3_RX_BUF) for USART3_RX_BUF
    main.o(.text.Directive) refers to delay.o(.text.delay_ms) for delay_ms
    main.o(.ARM.exidx.text.Directive) refers to main.o(.text.Directive) for [Anonymous Symbol]
    main.o(.text.main) refers to usart.o(.text.USART1_Init) for USART1_Init
    main.o(.text.main) refers to usart.o(.text.USART3_Init) for USART3_Init
    main.o(.text.main) refers to delay.o(.text.SysTick_Init) for SysTick_Init
    main.o(.text.main) refers to led.o(.text.led_init) for led_init
    main.o(.text.main) refers to beep.o(.text.fengming_init) for fengming_init
    main.o(.text.main) refers to ir.o(.text.hongwai_init) for hongwai_init
    main.o(.text.main) refers to ir.o(.text.sanxian_init) for sanxian_init
    main.o(.text.main) refers to motor - 2.0.o(.text.Pump_init) for Pump_init
    main.o(.text.main) refers to timer.o(.text.timer_init) for timer_init
    main.o(.text.main) refers to sr04.o(.text.sr04_init) for sr04_init
    main.o(.text.main) refers to sr04.o(.text.sr04_get_distance) for sr04_get_distance
    main.o(.text.main) refers to main.o(.bss.PWM_left) for PWM_left
    main.o(.text.main) refers to main.o(.bss.PWM_right) for PWM_right
    main.o(.text.main) refers to misc.o(.text.NVIC_PriorityGroupConfig) for NVIC_PriorityGroupConfig
    main.o(.text.main) refers to misc.o(.text.SysTick_CLKSourceConfig) for SysTick_CLKSourceConfig
    main.o(.text.main) refers to main.o(.text.Directive) for Directive
    main.o(.ARM.exidx.text.main) refers to main.o(.text.main) for [Anonymous Symbol]
    main.o(.text.TIM2_IRQHandler) refers to stm32f10x_tim.o(.text.TIM_GetITStatus) for TIM_GetITStatus
    main.o(.text.TIM2_IRQHandler) refers to main.o(.bss.TIM2_IRQHandler.cycle) for TIM2_IRQHandler.cycle
    main.o(.text.TIM2_IRQHandler) refers to main.o(.bss.PWM_left) for PWM_left
    main.o(.text.TIM2_IRQHandler) refers to stm32f10x_gpio.o(.text.GPIO_SetBits) for GPIO_SetBits
    main.o(.text.TIM2_IRQHandler) refers to stm32f10x_gpio.o(.text.GPIO_ResetBits) for GPIO_ResetBits
    main.o(.text.TIM2_IRQHandler) refers to main.o(.bss.PWM_right) for PWM_right
    main.o(.text.TIM2_IRQHandler) refers to stm32f10x_tim.o(.text.TIM_ClearITPendingBit) for TIM_ClearITPendingBit
    main.o(.ARM.exidx.text.TIM2_IRQHandler) refers to main.o(.text.TIM2_IRQHandler) for [Anonymous Symbol]
    main.o(.text.USART1_IRQHandler) refers to stm32f10x_usart.o(.text.USART_GetITStatus) for USART_GetITStatus
    main.o(.text.USART1_IRQHandler) refers to stm32f10x_usart.o(.text.USART_ReceiveData) for USART_ReceiveData
    main.o(.text.USART1_IRQHandler) refers to usart.o(.bss.USART1_RX_num) for USART1_RX_num
    main.o(.text.USART1_IRQHandler) refers to usart.o(.bss.USART1_RX_BUF) for USART1_RX_BUF
    main.o(.text.USART1_IRQHandler) refers to stm32f10x_usart.o(.text.USART_SendData) for USART_SendData
    main.o(.text.USART1_IRQHandler) refers to stm32f10x_usart.o(.text.USART_GetFlagStatus) for USART_GetFlagStatus
    main.o(.text.USART1_IRQHandler) refers to usart.o(.bss.USART1_RX_STA) for USART1_RX_STA
    main.o(.text.USART1_IRQHandler) refers to usart.o(.text.USART3_SendBytes) for USART3_SendBytes
[...]
    printfa.o(i.__0vprintf) refers to usart.o(.text.fputc) for fputc
    printfa.o(i.__0vprintf) refers to stdout.o(.data) for __stdout
    printfa.o(i.__0vsnprintf) refers (Special) to iusefp.o(.text) for __I$use$fp
    printfa.o(i.__0vsnprintf) refers to printfa.o(i._printf_core) for _printf_core
    printfa.o(i.__0vsnprintf) refers to printfa.o(i._snputc) for _snputc
    printfa.o(i.__0vsprintf) refers (Special) to iusefp.o(.text) for __I$use$fp
    printfa.o(i.__0vsprintf) refers to printfa.o(i._printf_core) for _printf_core
    printfa.o(i.__0vsprintf) refers to printfa.o(i._sputc) for _sputc
    printfa.o(i._fp_digits) refers (Special) to iusefp.o(.text) for __I$use$fp
    printfa.o(i._fp_digits) refers to dmul.o(.text) for __aeabi_dmul
    printfa.o(i._fp_digits) refers to ddiv.o(.text) for __aeabi_ddiv
    printfa.o(i._fp_digits) refers to cdrcmple.o(.text) for __aeabi_cdrcmple
    printfa.o(i._fp_digits) refers to dadd.o(.text) for __aeabi_dadd
    printfa.o(i._fp_digits) refers to dfixul.o(.text) for __aeabi_d2ulz
    printfa.o(i._fp_digits) refers to uldiv.o(.text) for __aeabi_uldivmod
    printfa.o(i._printf_core) refers (Special) to iusefp.o(.text) for __I$use$fp
    printfa.o(i._printf_core) refers to printfa.o(i._printf_pre_padding) for _printf_pre_padding
    printfa.o(i._printf_core) refers to uldiv.o(.text) for __aeabi_uldivmod
    printfa.o(i._printf_core) refers to printfa.o(i._printf_post_padding) for _printf_post_padding
    printfa.o(i._printf_core) refers to printfa.o(i._fp_digits) for _fp_digits
    printfa.o(i._printf_core) refers to uidiv.o(.text) for __aeabi_uidivmod
    printfa.o(i._printf_post_padding) refers (Special) to iusefp.o(.text) for __I$use$fp
    printfa.o(i._printf_pre_padding) refers (Special) to iusefp.o(.text) for __I$use$fp
    printfa.o(i._snputc) refers (Special) to iusefp.o(.text) for __I$use$fp
    printfa.o(i._sputc) refers (Special) to iusefp.o(.text) for __I$use$fp
    entry2.o(.ARM.Collect$$$$00000001) refers to entry2.o(.ARM.Collect$$$$00002712) for __lit__00000000
    entry2.o(.ARM.Collect$$$$00002712) refers to startup_stm32f10x_hd.o(STACK) for __initial_sp
    entry2.o(__vectab_stack_and_reset_area) refers to startup_stm32f10x_hd.o(STACK) for __initial_sp
    entry2.o(__vectab_stack_and_reset_area) refers to entry.o(.ARM.Collect$$$$00000000) for __main
    entry5.o(.ARM.Collect$$$$00000004) refers to init.o(.text) for __scatterload
    entry9a.o(.ARM.Collect$$$$0000000B) refers to main.o(.text.main) for main
    entry9b.o(.ARM.Collect$$$$0000000C) refers to main.o(.text.main) for main
    uldiv.o(.text) refers to llushr.o(.text) for __aeabi_llsr
    uldiv.o(.text) refers to llshl.o(.text) for __aeabi_llsl
    dadd.o(.text) refers (Special) to iusefp.o(.text) for __I$use$fp
    dadd.o(.text) refers to llshl.o(.text) for __aeabi_llsl
    dadd.o(.text) refers to llsshr.o(.text) for __aeabi_lasr
    dadd.o(.text) refers to depilogue.o(.text) for _double_epilogue
    dmul.o(.text) refers (Special) to iusefp.o(.text) for __I$use$fp
    dmul.o(.text) refers to depilogue.o(.text) for _double_epilogue
    ddiv.o(.text) refers (Special) to iusefp.o(.text) for __I$use$fp
    ddiv.o(.text) refers to depilogue.o(.text) for _double_round
    dfixul.o(.text) refers (Special) to iusefp.o(.text) for __I$use$fp
    dfixul.o(.text) refers to llushr.o(.text) for __aeabi_llsr
    dfixul.o(.text) refers to llshl.o(.text) for __aeabi_llsl
    cdrcmple.o(.text) refers (Special) to iusefp.o(.text) for __I$use$fp
    init.o(.text) refers to entry5.o(.ARM.Collect$$$$00000004) for __main_after_scatterload
    depilogue.o(.text) refers (Special) to iusefp.o(.text) for __I$use$fp
    depilogue.o(.text) refers to llshl.o(.text) for __aeabi_llsl
    depilogue.o(.text) refers to llushr.o(.text) for __aeabi_llsr


==============================================================================

Removing Unused input sections from the image.

    Removing main.o(.text), (0 bytes).
    Removing main.o(.ARM.exidx.text.Directive), (8 bytes).
    Removing main.o(.ARM.exidx.text.main), (8 bytes).
    Removing main.o(.ARM.exidx.text.TIM2_IRQHandler), (8 bytes).
    Removing main.o(.ARM.exidx.text.USART1_IRQHandler), (8 bytes).
    Removing main.o(.ARM.exidx.text.USART3_IRQHandler), (8 bytes).
    Removing main.o(.ARM.use_no_argv), (4 bytes).
    Removing beep.o(.text), (0 bytes).
    Removing beep.o(.ARM.exidx.text.fengming_init), (8 bytes).
    Removing ir.o(.text), (0 bytes).
    Removing ir.o(.ARM.exidx.text.hongwai_init), (8 bytes).
    Removing ir.o(.ARM.exidx.text.sanxian_init), (8 bytes).
    Removing led.o(.text), (0 bytes).
    Removing led.o(.ARM.exidx.text.led_init), (8 bytes).
    Removing led.o(.ARM.exidx.text.Anquan), (8 bytes).
    Removing led.o(.ARM.exidx.text.Noanquan), (8 bytes).
    Removing led.o(.ARM.exidx.text.Minianquan), (8 bytes).
    Removing motor.o(.text), (0 bytes).
    Removing motor.o(.text.motor_init), (146 bytes).
    Removing motor.o(.ARM.exidx.text.motor_init), (8 bytes).
    Removing motor.o(.text.go), (72 bytes).
    Removing motor.o(.ARM.exidx.text.go), (8 bytes).
    Removing motor.o(.text.back), (72 bytes).
    Removing motor.o(.ARM.exidx.text.back), (8 bytes).
    Removing motor.o(.text.right), (72 bytes).
    Removing motor.o(.ARM.exidx.text.right), (8 bytes).
    Removing motor.o(.text.left), (72 bytes).
    Removing motor.o(.ARM.exidx.text.left), (8 bytes).
    Removing motor.o(.text.minileft), (72 bytes).
    Removing motor.o(.ARM.exidx.text.minileft), (8 bytes).
    Removing motor.o(.text.miniright), (72 bytes).
    Removing motor.o(.ARM.exidx.text.miniright), (8 bytes).
    Removing motor.o(.text.stop), (70 bytes).
    Removing motor.o(.ARM.exidx.text.stop), (8 bytes).
    Removing exti.o(.text), (0 bytes).
    Removing exti.o(.text.exti2_init), (124 bytes).
    Removing exti.o(.ARM.exidx.text.exti2_init), (8 bytes).
    Removing exti.o(.text.exti7_init), (122 bytes).
    Removing exti.o(.ARM.exidx.text.exti7_init), (8 bytes).
    Removing tim.o(.text), (0 bytes).
    Removing tim.o(.text.tim2_init), (106 bytes).
    Removing tim.o(.ARM.exidx.text.tim2_init), (8 bytes).
    Removing tim.o(.text.tim3_init), (110 bytes).
    Removing tim.o(.ARM.exidx.text.tim3_init), (8 bytes).
    Removing motor - 2.0.o(.text), (0 bytes).
    Removing motor - 2.0.o(.ARM.exidx.text.Pump_init), (8 bytes).
    Removing motor - 2.0.o(.ARM.exidx.text.GO), (8 bytes).
    Removing motor - 2.0.o(.ARM.exidx.text.BACK), (8 bytes).
    Removing motor - 2.0.o(.ARM.exidx.text.LEFT), (8 bytes).
    Removing motor - 2.0.o(.ARM.exidx.text.BIGLEFT), (8 bytes).
    Removing motor - 2.0.o(.ARM.exidx.text.RIGHT), (8 bytes).
    Removing motor - 2.0.o(.ARM.exidx.text.BIGRIGHT), (8 bytes).
    Removing motor - 2.0.o(.ARM.exidx.text.STOP), (8 bytes).
    Removing motor - 2.0.o(.ARM.exidx.text.SanxianControl), (8 bytes).
    Removing motor - 2.0.o(.ARM.exidx.text.HongwaiControl), (8 bytes).
    Removing timer.o(.text), (0 bytes).
    Removing timer.o(.ARM.exidx.text.timer_init), (8 bytes).
    Removing sr04.o(.text), (0 bytes).
    Removing sr04.o(.ARM.exidx.text.sr04_init), (8 bytes).
    Removing sr04.o(.ARM.exidx.text.sr04_get_distance), (8 bytes).
    Removing sr04.o(.ARM.exidx.text.Moshushou), (8 bytes).
    Removing sr04.o(.ARM.exidx.text.Chaoshengbo), (8 bytes).
    Removing sr04.o(.ARM.exidx.text.Ruku), (8 bytes).
    Removing usart.o(.text), (0 bytes).
    Removing usart.o(.ARM.exidx.text.fputc), (8 bytes).
    Removing usart.o(.ARM.exidx.text.USART1_SendBytes), (8 bytes).
    Removing usart.o(.text.USART1_SendString), (90 bytes).
    Removing usart.o(.ARM.exidx.text.USART1_SendString), (8 bytes).
    Removing usart.o(.ARM.exidx.text.USART3_SendBytes), (8 bytes).
    Removing usart.o(.text.USART3_SendString), (90 bytes).
    Removing usart.o(.ARM.exidx.text.USART3_SendString), (8 bytes).
    Removing usart.o(.ARM.exidx.text.USART1_Init), (8 bytes).
    Removing usart.o(.ARM.exidx.text.USART3_Init), (8 bytes).
    Removing delay.o(.text), (0 bytes).
    Removing delay.o(.ARM.exidx.text.SysTick_Init), (8 bytes).
    Removing delay.o(.ARM.exidx.text.delay_us), (8 bytes).
    Removing delay.o(.ARM.exidx.text.delay_ms), (8 bytes).
    Removing misc.o(.text), (0 bytes).
    Removing misc.o(.ARM.exidx.text.NVIC_PriorityGroupConfig), (8 bytes).
    Removing misc.o(.ARM.exidx.text.NVIC_Init), (8 bytes).
    Removing misc.o(.text.NVIC_SetVectorTable), (36 bytes).
    Removing misc.o(.ARM.exidx.text.NVIC_SetVectorTable), (8 bytes).
    Removing misc.o(.text.NVIC_SystemLPConfig), (62 bytes).
    Removing misc.o(.ARM.exidx.text.NVIC_SystemLPConfig), (8 bytes).
    Removing misc.o(.ARM.exidx.text.SysTick_CLKSourceConfig), (8 bytes).
    Removing stm32f10x_exti.o(.text), (0 bytes).
    Removing stm32f10x_exti.o(.text.EXTI_DeInit), (62 bytes).
    Removing stm32f10x_exti.o(.ARM.exidx.text.EXTI_DeInit), (8 bytes).
    Removing stm32f10x_exti.o(.text.EXTI_Init), (234 bytes).
    Removing stm32f10x_exti.o(.ARM.exidx.text.EXTI_Init), (8 bytes).
    Removing stm32f10x_exti.o(.text.EXTI_StructInit), (28 bytes).
    Removing stm32f10x_exti.o(.ARM.exidx.text.EXTI_StructInit), (8 bytes).
    Removing stm32f10x_exti.o(.text.EXTI_GenerateSWInterrupt), (24 bytes).
    Removing stm32f10x_exti.o(.ARM.exidx.text.EXTI_GenerateSWInterrupt), (8 bytes).
    Removing stm32f10x_exti.o(.text.EXTI_GetFlagStatus), (52 bytes).
    Removing stm32f10x_exti.o(.ARM.exidx.text.EXTI_GetFlagStatus), (8 bytes).
    Removing stm32f10x_exti.o(.text.EXTI_ClearFlag), (20 bytes).
    Removing stm32f10x_exti.o(.ARM.exidx.text.EXTI_ClearFlag), (8 bytes).
    Removing stm32f10x_exti.o(.text.EXTI_GetITStatus), (76 bytes).
    Removing stm32f10x_exti.o(.ARM.exidx.text.EXTI_GetITStatus), (8 bytes).
    Removing stm32f10x_exti.o(.text.EXTI_ClearITPendingBit), (20 bytes).
    Removing stm32f10x_exti.o(.ARM.exidx.text.EXTI_ClearITPendingBit), (8 bytes).
    Removing stm32f10x_gpio.o(.text), (0 bytes).
    Removing stm32f10x_gpio.o(.text.GPIO_DeInit), (276 bytes).
    Removing stm32f10x_gpio.o(.ARM.exidx.text.GPIO_DeInit), (8 bytes).
    Removing stm32f10x_gpio.o(.text.GPIO_AFIODeInit), (26 bytes).
    Removing stm32f10x_gpio.o(.ARM.exidx.text.GPIO_AFIODeInit), (8 bytes).
    Removing stm32f10x_gpio.o(.ARM.exidx.text.GPIO_Init), (8 bytes).
    Removing stm32f10x_gpio.o(.text.GPIO_StructInit), (28 bytes).
    Removing stm32f10x_gpio.o(.ARM.exidx.text.GPIO_StructInit), (8 bytes).
    Removing stm32f10x_gpio.o(.text.GPIO_ReadInputDataBit), (52 bytes).
    Removing stm32f10x_gpio.o(.ARM.exidx.text.GPIO_ReadInputDataBit), (8 bytes).
    Removing stm32f10x_gpio.o(.text.GPIO_ReadInputData), (14 bytes).
    Removing stm32f10x_gpio.o(.ARM.exidx.text.GPIO_ReadInputData), (8 bytes).
    Removing stm32f10x_gpio.o(.text.GPIO_ReadOutputDataBit), (52 bytes).
    Removing stm32f10x_gpio.o(.ARM.exidx.text.GPIO_ReadOutputDataBit), (8 bytes).
    Removing stm32f10x_gpio.o(.text.GPIO_ReadOutputData), (14 bytes).
    Removing stm32f10x_gpio.o(.ARM.exidx.text.GPIO_ReadOutputData), (8 bytes).
    Removing stm32f10x_gpio.o(.ARM.exidx.text.GPIO_SetBits), (8 bytes).
    Removing stm32f10x_gpio.o(.ARM.exidx.text.GPIO_ResetBits), (8 bytes).
    Removing stm32f10x_gpio.o(.text.GPIO_WriteBit), (44 bytes).
    Removing stm32f10x_gpio.o(.ARM.exidx.text.GPIO_WriteBit), (8 bytes).
    Removing stm32f10x_gpio.o(.text.GPIO_Write), (20 bytes).
    Removing stm32f10x_gpio.o(.ARM.exidx.text.GPIO_Write), (8 bytes).
    Removing stm32f10x_gpio.o(.text.GPIO_PinLockConfig), (60 bytes).
    Removing stm32f10x_gpio.o(.ARM.exidx.text.GPIO_PinLockConfig), (8 bytes).
    Removing stm32f10x_gpio.o(.text.GPIO_EventOutputConfig), (64 bytes).
    Removing stm32f10x_gpio.o(.ARM.exidx.text.GPIO_EventOutputConfig), (8 bytes).
    Removing stm32f10x_gpio.o(.text.GPIO_EventOutputCmd), (22 bytes).
    Removing stm32f10x_gpio.o(.ARM.exidx.text.GPIO_EventOutputCmd), (8 bytes).
    Removing stm32f10x_gpio.o(.text.GPIO_PinRemapConfig), (250 bytes).
    Removing stm32f10x_gpio.o(.ARM.exidx.text.GPIO_PinRemapConfig), (8 bytes).
    Removing stm32f10x_gpio.o(.text.GPIO_EXTILineConfig), (84 bytes).
    Removing stm32f10x_gpio.o(.ARM.exidx.text.GPIO_EXTILineConfig), (8 bytes).
    Removing stm32f10x_gpio.o(.text.GPIO_ETH_MediaInterfaceConfig), (18 bytes).
    Removing stm32f10x_gpio.o(.ARM.exidx.text.GPIO_ETH_MediaInterfaceConfig), (8 bytes).
    Removing stm32f10x_rcc.o(.text), (0 bytes).
    Removing stm32f10x_rcc.o(.text.RCC_DeInit), (82 bytes).
    Removing stm32f10x_rcc.o(.ARM.exidx.text.RCC_DeInit), (8 bytes).
    Removing stm32f10x_rcc.o(.text.RCC_HSEConfig), (92 bytes).
    Removing stm32f10x_rcc.o(.ARM.exidx.text.RCC_HSEConfig), (8 bytes).
    Removing stm32f10x_rcc.o(.text.RCC_WaitForHSEStartUp), (108 bytes).
    Removing stm32f10x_rcc.o(.ARM.exidx.text.RCC_WaitForHSEStartUp), (8 bytes).
    Removing stm32f10x_rcc.o(.text.RCC_GetFlagStatus), (130 bytes).
    Removing stm32f10x_rcc.o(.ARM.exidx.text.RCC_GetFlagStatus), (8 bytes).
    Removing stm32f10x_rcc.o(.text.RCC_AdjustHSICalibrationValue), (50 bytes).
    Removing stm32f10x_rcc.o(.ARM.exidx.text.RCC_AdjustHSICalibrationValue), (8 bytes).
    Removing stm32f10x_rcc.o(.text.RCC_HSICmd), (22 bytes).
    Removing stm32f10x_rcc.o(.ARM.exidx.text.RCC_HSICmd), (8 bytes).
    Removing stm32f10x_rcc.o(.text.RCC_PLLConfig), (50 bytes).
    Removing stm32f10x_rcc.o(.ARM.exidx.text.RCC_PLLConfig), (8 bytes).
    Removing stm32f10x_rcc.o(.text.RCC_PLLCmd), (22 bytes).
    Removing stm32f10x_rcc.o(.ARM.exidx.text.RCC_PLLCmd), (8 bytes).
    Removing stm32f10x_rcc.o(.text.RCC_SYSCLKConfig), (44 bytes).
    Removing stm32f10x_rcc.o(.ARM.exidx.text.RCC_SYSCLKConfig), (8 bytes).
    Removing stm32f10x_rcc.o(.text.RCC_GetSYSCLKSource), (16 bytes).
    Removing stm32f10x_rcc.o(.ARM.exidx.text.RCC_GetSYSCLKSource), (8 bytes).
    Removing stm32f10x_rcc.o(.text.RCC_HCLKConfig), (44 bytes).
    Removing stm32f10x_rcc.o(.ARM.exidx.text.RCC_HCLKConfig), (8 bytes).
    Removing stm32f10x_rcc.o(.text.RCC_PCLK1Config), (44 bytes).
    Removing stm32f10x_rcc.o(.ARM.exidx.text.RCC_PCLK1Config), (8 bytes).
    Removing stm32f10x_rcc.o(.text.RCC_PCLK2Config), (46 bytes).
    Removing stm32f10x_rcc.o(.ARM.exidx.text.RCC_PCLK2Config), (8 bytes).
    Removing stm32f10x_rcc.o(.text.RCC_ITConfig), (62 bytes).
    Removing stm32f10x_rcc.o(.ARM.exidx.text.RCC_ITConfig), (8 bytes).
    Removing stm32f10x_rcc.o(.text.RCC_USBCLKConfig), (18 bytes).
    Removing stm32f10x_rcc.o(.ARM.exidx.text.RCC_USBCLKConfig), (8 bytes).
    Removing stm32f10x_rcc.o(.text.RCC_ADCCLKConfig), (44 bytes).
    Removing stm32f10x_rcc.o(.ARM.exidx.text.RCC_ADCCLKConfig), (8 bytes).
    Removing stm32f10x_rcc.o(.text.RCC_LSEConfig), (76 bytes).
    Removing stm32f10x_rcc.o(.ARM.exidx.text.RCC_LSEConfig), (8 bytes).
    Removing stm32f10x_rcc.o(.text.RCC_LSICmd), (24 bytes).
    Removing stm32f10x_rcc.o(.ARM.exidx.text.RCC_LSICmd), (8 bytes).
    Removing stm32f10x_rcc.o(.text.RCC_RTCCLKConfig), (24 bytes).
    Removing stm32f10x_rcc.o(.ARM.exidx.text.RCC_RTCCLKConfig), (8 bytes).
    Removing stm32f10x_rcc.o(.text.RCC_RTCCLKCmd), (24 bytes).
    Removing stm32f10x_rcc.o(.ARM.exidx.text.RCC_RTCCLKCmd), (8 bytes).
    Removing stm32f10x_rcc.o(.ARM.exidx.text.RCC_GetClocksFreq), (8 bytes).
    Removing stm32f10x_rcc.o(.text.RCC_AHBPeriphClockCmd), (56 bytes).
    Removing stm32f10x_rcc.o(.ARM.exidx.text.RCC_AHBPeriphClockCmd), (8 bytes).
    Removing stm32f10x_rcc.o(.ARM.exidx.text.RCC_APB2PeriphClockCmd), (8 bytes).
    Removing stm32f10x_rcc.o(.ARM.exidx.text.RCC_APB1PeriphClockCmd), (8 bytes).
    Removing stm32f10x_rcc.o(.text.RCC_APB2PeriphResetCmd), (56 bytes).
    Removing stm32f10x_rcc.o(.ARM.exidx.text.RCC_APB2PeriphResetCmd), (8 bytes).
    Removing stm32f10x_rcc.o(.text.RCC_APB1PeriphResetCmd), (56 bytes).
    Removing stm32f10x_rcc.o(.ARM.exidx.text.RCC_APB1PeriphResetCmd), (8 bytes).
    Removing stm32f10x_rcc.o(.text.RCC_BackupResetCmd), (24 bytes).
    Removing stm32f10x_rcc.o(.ARM.exidx.text.RCC_BackupResetCmd), (8 bytes).
    Removing stm32f10x_rcc.o(.text.RCC_ClockSecuritySystemCmd), (22 bytes).
    Removing stm32f10x_rcc.o(.ARM.exidx.text.RCC_ClockSecuritySystemCmd), (8 bytes).
    Removing stm32f10x_rcc.o(.text.RCC_MCOConfig), (24 bytes).
    Removing stm32f10x_rcc.o(.ARM.exidx.text.RCC_MCOConfig), (8 bytes).
    Removing stm32f10x_rcc.o(.text.RCC_ClearFlag), (18 bytes).
    Removing stm32f10x_rcc.o(.ARM.exidx.text.RCC_ClearFlag), (8 bytes).
    Removing stm32f10x_rcc.o(.text.RCC_GetITStatus), (56 bytes).
    Removing stm32f10x_rcc.o(.ARM.exidx.text.RCC_GetITStatus), (8 bytes).
    Removing stm32f10x_rcc.o(.text.RCC_ClearITPendingBit), (24 bytes).
    Removing stm32f10x_rcc.o(.ARM.exidx.text.RCC_ClearITPendingBit), (8 bytes).
    Removing stm32f10x_tim.o(.text), (0 bytes).
    Removing stm32f10x_tim.o(.text.TIM_DeInit), (666 bytes).
    Removing stm32f10x_tim.o(.ARM.exidx.text.TIM_DeInit), (8 bytes).
    Removing stm32f10x_tim.o(.ARM.exidx.text.TIM_TimeBaseInit), (8 bytes).
    Removing stm32f10x_tim.o(.text.TIM_OC1Init), (354 bytes).
    Removing stm32f10x_tim.o(.ARM.exidx.text.TIM_OC1Init), (8 bytes).
    Removing stm32f10x_tim.o(.text.TIM_OC2Init), (320 bytes).
    Removing stm32f10x_tim.o(.ARM.exidx.text.TIM_OC2Init), (8 bytes).
    Removing stm32f10x_tim.o(.text.TIM_OC3Init), (318 bytes).
    Removing stm32f10x_tim.o(.ARM.exidx.text.TIM_OC3Init), (8 bytes).
    Removing stm32f10x_tim.o(.text.TIM_OC4Init), (238 bytes).
    Removing stm32f10x_tim.o(.ARM.exidx.text.TIM_OC4Init), (8 bytes).
    Removing stm32f10x_tim.o(.text.TIM_ICInit), (242 bytes).
    Removing stm32f10x_tim.o(.ARM.exidx.text.TIM_ICInit), (8 bytes).
    Removing stm32f10x_tim.o(.text.TI1_Config), (260 bytes).
    Removing stm32f10x_tim.o(.ARM.exidx.text.TI1_Config), (8 bytes).
    Removing stm32f10x_tim.o(.text.TIM_SetIC1Prescaler), (34 bytes).
    Removing stm32f10x_tim.o(.ARM.exidx.text.TIM_SetIC1Prescaler), (8 bytes).
    Removing stm32f10x_tim.o(.text.TI2_Config), (286 bytes).
    Removing stm32f10x_tim.o(.ARM.exidx.text.TI2_Config), (8 bytes).
    Removing stm32f10x_tim.o(.text.TIM_SetIC2Prescaler), (36 bytes).
    Removing stm32f10x_tim.o(.ARM.exidx.text.TIM_SetIC2Prescaler), (8 bytes).
    Removing stm32f10x_tim.o(.text.TI3_Config), (274 bytes).
    Removing stm32f10x_tim.o(.ARM.exidx.text.TI3_Config), (8 bytes).
    Removing stm32f10x_tim.o(.text.TIM_SetIC3Prescaler), (34 bytes).
    Removing stm32f10x_tim.o(.ARM.exidx.text.TIM_SetIC3Prescaler), (8 bytes).
    Removing stm32f10x_tim.o(.text.TI4_Config), (288 bytes).
    Removing stm32f10x_tim.o(.ARM.exidx.text.TI4_Config), (8 bytes).
    Removing stm32f10x_tim.o(.text.TIM_SetIC4Prescaler), (36 bytes).
    Removing stm32f10x_tim.o(.ARM.exidx.text.TIM_SetIC4Prescaler), (8 bytes).
    Removing stm32f10x_tim.o(.text.TIM_PWMIConfig), (190 bytes).
    Removing stm32f10x_tim.o(.ARM.exidx.text.TIM_PWMIConfig), (8 bytes).
    Removing stm32f10x_tim.o(.text.TIM_BDTRConfig), (44 bytes).
    Removing stm32f10x_tim.o(.ARM.exidx.text.TIM_BDTRConfig), (8 bytes).
    Removing stm32f10x_tim.o(.text.TIM_TimeBaseStructInit), (34 bytes).
    Removing stm32f10x_tim.o(.ARM.exidx.text.TIM_TimeBaseStructInit), (8 bytes).
    Removing stm32f10x_tim.o(.text.TIM_OCStructInit), (42 bytes).
    Removing stm32f10x_tim.o(.ARM.exidx.text.TIM_OCStructInit), (8 bytes).
    Removing stm32f10x_tim.o(.text.TIM_ICStructInit), (32 bytes).
    Removing stm32f10x_tim.o(.ARM.exidx.text.TIM_ICStructInit), (8 bytes).
    Removing stm32f10x_tim.o(.text.TIM_BDTRStructInit), (38 bytes).
    Removing stm32f10x_tim.o(.ARM.exidx.text.TIM_BDTRStructInit), (8 bytes).
    Removing stm32f10x_tim.o(.ARM.exidx.text.TIM_Cmd), (8 bytes).
    Removing stm32f10x_tim.o(.text.TIM_CtrlPWMOutputs), (52 bytes).
    Removing stm32f10x_tim.o(.ARM.exidx.text.TIM_CtrlPWMOutputs), (8 bytes).
    Removing stm32f10x_tim.o(.ARM.exidx.text.TIM_ITConfig), (8 bytes).
    Removing stm32f10x_tim.o(.text.TIM_GenerateEvent), (20 bytes).
    Removing stm32f10x_tim.o(.ARM.exidx.text.TIM_GenerateEvent), (8 bytes).
    Removing stm32f10x_tim.o(.text.TIM_DMAConfig), (32 bytes).
    Removing stm32f10x_tim.o(.ARM.exidx.text.TIM_DMAConfig), (8 bytes).
    Removing stm32f10x_tim.o(.text.TIM_DMACmd), (52 bytes).
    Removing stm32f10x_tim.o(.ARM.exidx.text.TIM_DMACmd), (8 bytes).
    Removing stm32f10x_tim.o(.text.TIM_InternalClockConfig), (18 bytes).
    Removing stm32f10x_tim.o(.ARM.exidx.text.TIM_InternalClockConfig), (8 bytes).
    Removing stm32f10x_tim.o(.text.TIM_ITRxExternalClockConfig), (34 bytes).
    Removing stm32f10x_tim.o(.ARM.exidx.text.TIM_ITRxExternalClockConfig), (8 bytes).
    Removing stm32f10x_tim.o(.text.TIM_SelectInputTrigger), (60 bytes).
    Removing stm32f10x_tim.o(.ARM.exidx.text.TIM_SelectInputTrigger), (8 bytes).
    Removing stm32f10x_tim.o(.text.TIM_TIxExternalClockConfig), (88 bytes).
    Removing stm32f10x_tim.o(.ARM.exidx.text.TIM_TIxExternalClockConfig), (8 bytes).
    Removing stm32f10x_tim.o(.text.TIM_ETRClockMode1Config), (110 bytes).
    Removing stm32f10x_tim.o(.ARM.exidx.text.TIM_ETRClockMode1Config), (8 bytes).
    Removing stm32f10x_tim.o(.text.TIM_ETRConfig), (78 bytes).
    Removing stm32f10x_tim.o(.ARM.exidx.text.TIM_ETRConfig), (8 bytes).
    Removing stm32f10x_tim.o(.text.TIM_ETRClockMode2Config), (50 bytes).
    Removing stm32f10x_tim.o(.ARM.exidx.text.TIM_ETRClockMode2Config), (8 bytes).
    Removing stm32f10x_tim.o(.text.TIM_PrescalerConfig), (32 bytes).
    Removing stm32f10x_tim.o(.ARM.exidx.text.TIM_PrescalerConfig), (8 bytes).
    Removing stm32f10x_tim.o(.text.TIM_CounterModeConfig), (60 bytes).
    Removing stm32f10x_tim.o(.ARM.exidx.text.TIM_CounterModeConfig), (8 bytes).
    Removing stm32f10x_tim.o(.text.TIM_EncoderInterfaceConfig), (170 bytes).
    Removing stm32f10x_tim.o(.ARM.exidx.text.TIM_EncoderInterfaceConfig), (8 bytes).
    Removing stm32f10x_tim.o(.text.TIM_ForcedOC1Config), (60 bytes).
    Removing stm32f10x_tim.o(.ARM.exidx.text.TIM_ForcedOC1Config), (8 bytes).
    Removing stm32f10x_tim.o(.text.TIM_ForcedOC2Config), (62 bytes).
    Removing stm32f10x_tim.o(.ARM.exidx.text.TIM_ForcedOC2Config), (8 bytes).
    Removing stm32f10x_tim.o(.text.TIM_ForcedOC3Config), (60 bytes).
    Removing stm32f10x_tim.o(.ARM.exidx.text.TIM_ForcedOC3Config), (8 bytes).
    Removing stm32f10x_tim.o(.text.TIM_ForcedOC4Config), (62 bytes).
    Removing stm32f10x_tim.o(.ARM.exidx.text.TIM_ForcedOC4Config), (8 bytes).
    Removing stm32f10x_tim.o(.text.TIM_ARRPreloadConfig), (44 bytes).
    Removing stm32f10x_tim.o(.ARM.exidx.text.TIM_ARRPreloadConfig), (8 bytes).
    Removing stm32f10x_tim.o(.text.TIM_SelectCOM), (44 bytes).
    Removing stm32f10x_tim.o(.ARM.exidx.text.TIM_SelectCOM), (8 bytes).
    Removing stm32f10x_tim.o(.text.TIM_SelectCCDMA), (44 bytes).
    Removing stm32f10x_tim.o(.ARM.exidx.text.TIM_SelectCCDMA), (8 bytes).
    Removing stm32f10x_tim.o(.text.TIM_CCPreloadControl), (44 bytes).
    Removing stm32f10x_tim.o(.ARM.exidx.text.TIM_CCPreloadControl), (8 bytes).
    Removing stm32f10x_tim.o(.text.TIM_OC1PreloadConfig), (60 bytes).
    Removing stm32f10x_tim.o(.ARM.exidx.text.TIM_OC1PreloadConfig), (8 bytes).
    Removing stm32f10x_tim.o(.text.TIM_OC2PreloadConfig), (62 bytes).
    Removing stm32f10x_tim.o(.ARM.exidx.text.TIM_OC2PreloadConfig), (8 bytes).
    Removing stm32f10x_tim.o(.text.TIM_OC3PreloadConfig), (60 bytes).
    Removing stm32f10x_tim.o(.ARM.exidx.text.TIM_OC3PreloadConfig), (8 bytes).
    Removing stm32f10x_tim.o(.text.TIM_OC4PreloadConfig), (62 bytes).
    Removing stm32f10x_tim.o(.ARM.exidx.text.TIM_OC4PreloadConfig), (8 bytes).
    Removing stm32f10x_tim.o(.text.TIM_OC1FastConfig), (60 bytes).
    Removing stm32f10x_tim.o(.ARM.exidx.text.TIM_OC1FastConfig), (8 bytes).
    Removing stm32f10x_tim.o(.text.TIM_OC2FastConfig), (62 bytes).
    Removing stm32f10x_tim.o(.ARM.exidx.text.TIM_OC2FastConfig), (8 bytes).
    Removing stm32f10x_tim.o(.text.TIM_OC3FastConfig), (60 bytes).
    Removing stm32f10x_tim.o(.ARM.exidx.text.TIM_OC3FastConfig), (8 bytes).
    Removing stm32f10x_tim.o(.text.TIM_OC4FastConfig), (62 bytes).
    Removing stm32f10x_tim.o(.ARM.exidx.text.TIM_OC4FastConfig), (8 bytes).
    Removing stm32f10x_tim.o(.text.TIM_ClearOC1Ref), (60 bytes).
    Removing stm32f10x_tim.o(.ARM.exidx.text.TIM_ClearOC1Ref), (8 bytes).
    Removing stm32f10x_tim.o(.text.TIM_ClearOC2Ref), (62 bytes).
    Removing stm32f10x_tim.o(.ARM.exidx.text.TIM_ClearOC2Ref), (8 bytes).
    Removing stm32f10x_tim.o(.text.TIM_ClearOC3Ref), (60 bytes).
    Removing stm32f10x_tim.o(.ARM.exidx.text.TIM_ClearOC3Ref), (8 bytes).
    Removing stm32f10x_tim.o(.text.TIM_ClearOC4Ref), (62 bytes).
    Removing stm32f10x_tim.o(.ARM.exidx.text.TIM_ClearOC4Ref), (8 bytes).
    Removing stm32f10x_tim.o(.text.TIM_OC1PolarityConfig), (60 bytes).
    Removing stm32f10x_tim.o(.ARM.exidx.text.TIM_OC1PolarityConfig), (8 bytes).
    Removing stm32f10x_tim.o(.text.TIM_OC1NPolarityConfig), (60 bytes).
    Removing stm32f10x_tim.o(.ARM.exidx.text.TIM_OC1NPolarityConfig), (8 bytes).
    Removing stm32f10x_tim.o(.text.TIM_OC2PolarityConfig), (62 bytes).
    Removing stm32f10x_tim.o(.ARM.exidx.text.TIM_OC2PolarityConfig), (8 bytes).
    Removing stm32f10x_tim.o(.text.TIM_OC2NPolarityConfig), (62 bytes).
    Removing stm32f10x_tim.o(.ARM.exidx.text.TIM_OC2NPolarityConfig), (8 bytes).
    Removing stm32f10x_tim.o(.text.TIM_OC3PolarityConfig), (62 bytes).
    Removing stm32f10x_tim.o(.ARM.exidx.text.TIM_OC3PolarityConfig), (8 bytes).
    Removing stm32f10x_tim.o(.text.TIM_OC3NPolarityConfig), (62 bytes).
    Removing stm32f10x_tim.o(.ARM.exidx.text.TIM_OC3NPolarityConfig), (8 bytes).
    Removing stm32f10x_tim.o(.text.TIM_OC4PolarityConfig), (62 bytes).
    Removing stm32f10x_tim.o(.ARM.exidx.text.TIM_OC4PolarityConfig), (8 bytes).
    Removing stm32f10x_tim.o(.text.TIM_CCxCmd), (66 bytes).
    Removing stm32f10x_tim.o(.ARM.exidx.text.TIM_CCxCmd), (8 bytes).
    Removing stm32f10x_tim.o(.text.TIM_CCxNCmd), (66 bytes).
    Removing stm32f10x_tim.o(.ARM.exidx.text.TIM_CCxNCmd), (8 bytes).
    Removing stm32f10x_tim.o(.text.TIM_SelectOCxM), (156 bytes).
    Removing stm32f10x_tim.o(.ARM.exidx.text.TIM_SelectOCxM), (8 bytes).
    Removing stm32f10x_tim.o(.text.TIM_UpdateDisableConfig), (44 bytes).
    Removing stm32f10x_tim.o(.ARM.exidx.text.TIM_UpdateDisableConfig), (8 bytes).
    Removing stm32f10x_tim.o(.text.TIM_UpdateRequestConfig), (44 bytes).
    Removing stm32f10x_tim.o(.ARM.exidx.text.TIM_UpdateRequestConfig), (8 bytes).
    Removing stm32f10x_tim.o(.text.TIM_SelectHallSensor), (44 bytes).
    Removing stm32f10x_tim.o(.ARM.exidx.text.TIM_SelectHallSensor), (8 bytes).
    Removing stm32f10x_tim.o(.text.TIM_SelectOnePulseMode), (34 bytes).
    Removing stm32f10x_tim.o(.ARM.exidx.text.TIM_SelectOnePulseMode), (8 bytes).
    Removing stm32f10x_tim.o(.text.TIM_SelectOutputTrigger), (34 bytes).
    Removing stm32f10x_tim.o(.ARM.exidx.text.TIM_SelectOutputTrigger), (8 bytes).
    Removing stm32f10x_tim.o(.text.TIM_SelectSlaveMode), (34 bytes).
    Removing stm32f10x_tim.o(.ARM.exidx.text.TIM_SelectSlaveMode), (8 bytes).
    Removing stm32f10x_tim.o(.text.TIM_SelectMasterSlaveMode), (34 bytes).
    Removing stm32f10x_tim.o(.ARM.exidx.text.TIM_SelectMasterSlaveMode), (8 bytes).
    Removing stm32f10x_tim.o(.text.TIM_SetCounter), (20 bytes).
    Removing stm32f10x_tim.o(.ARM.exidx.text.TIM_SetCounter), (8 bytes).
    Removing stm32f10x_tim.o(.text.TIM_SetAutoreload), (20 bytes).
    Removing stm32f10x_tim.o(.ARM.exidx.text.TIM_SetAutoreload), (8 bytes).
    Removing stm32f10x_tim.o(.text.TIM_SetCompare1), (20 bytes).
    Removing stm32f10x_tim.o(.ARM.exidx.text.TIM_SetCompare1), (8 bytes).
    Removing stm32f10x_tim.o(.text.TIM_SetCompare2), (20 bytes).
    Removing stm32f10x_tim.o(.ARM.exidx.text.TIM_SetCompare2), (8 bytes).
    Removing stm32f10x_tim.o(.text.TIM_SetCompare3), (20 bytes).
    Removing stm32f10x_tim.o(.ARM.exidx.text.TIM_SetCompare3), (8 bytes).
    Removing stm32f10x_tim.o(.text.TIM_SetCompare4), (22 bytes).
    Removing stm32f10x_tim.o(.ARM.exidx.text.TIM_SetCompare4), (8 bytes).
    Removing stm32f10x_tim.o(.text.TIM_SetClockDivision), (34 bytes).
    Removing stm32f10x_tim.o(.ARM.exidx.text.TIM_SetClockDivision), (8 bytes).
    Removing stm32f10x_tim.o(.text.TIM_GetCapture1), (12 bytes).
    Removing stm32f10x_tim.o(.ARM.exidx.text.TIM_GetCapture1), (8 bytes).
    Removing stm32f10x_tim.o(.text.TIM_GetCapture2), (12 bytes).
    Removing stm32f10x_tim.o(.ARM.exidx.text.TIM_GetCapture2), (8 bytes).
    Removing stm32f10x_tim.o(.text.TIM_GetCapture3), (12 bytes).
    Removing stm32f10x_tim.o(.ARM.exidx.text.TIM_GetCapture3), (8 bytes).
    Removing stm32f10x_tim.o(.text.TIM_GetCapture4), (14 bytes).
    Removing stm32f10x_tim.o(.ARM.exidx.text.TIM_GetCapture4), (8 bytes).
    Removing stm32f10x_tim.o(.text.TIM_GetCounter), (12 bytes).
    Removing stm32f10x_tim.o(.ARM.exidx.text.TIM_GetCounter), (8 bytes).
    Removing stm32f10x_tim.o(.text.TIM_GetPrescaler), (12 bytes).
    Removing stm32f10x_tim.o(.ARM.exidx.text.TIM_GetPrescaler), (8 bytes).
    Removing stm32f10x_tim.o(.text.TIM_GetFlagStatus), (54 bytes).
    Removing stm32f10x_tim.o(.ARM.exidx.text.TIM_GetFlagStatus), (8 bytes).
    Removing stm32f10x_tim.o(.text.TIM_ClearFlag), (22 bytes).
    Removing stm32f10x_tim.o(.ARM.exidx.text.TIM_ClearFlag), (8 bytes).
    Removing stm32f10x_tim.o(.ARM.exidx.text.TIM_GetITStatus), (8 bytes).
    Removing stm32f10x_tim.o(.ARM.exidx.text.TIM_ClearITPendingBit), (8 bytes).
    Removing stm32f10x_usart.o(.text), (0 bytes).
    Removing stm32f10x_usart.o(.text.USART_DeInit), (208 bytes).
    Removing stm32f10x_usart.o(.ARM.exidx.text.USART_DeInit), (8 bytes).
    Removing stm32f10x_usart.o(.ARM.exidx.text.USART_Init), (8 bytes).
    Removing stm32f10x_usart.o(.text.USART_StructInit), (40 bytes).
    Removing stm32f10x_usart.o(.ARM.exidx.text.USART_StructInit), (8 bytes).
    Removing stm32f10x_usart.o(.text.USART_ClockInit), (58 bytes).
    Removing stm32f10x_usart.o(.ARM.exidx.text.USART_ClockInit), (8 bytes).
    Removing stm32f10x_usart.o(.text.USART_ClockStructInit), (26 bytes).
    Removing stm32f10x_usart.o(.ARM.exidx.text.USART_ClockStructInit), (8 bytes).
    Removing stm32f10x_usart.o(.ARM.exidx.text.USART_Cmd), (8 bytes).
    Removing stm32f10x_usart.o(.ARM.exidx.text.USART_ITConfig), (8 bytes).
    Removing stm32f10x_usart.o(.text.USART_DMACmd), (52 bytes).
    Removing stm32f10x_usart.o(.ARM.exidx.text.USART_DMACmd), (8 bytes).
    Removing stm32f10x_usart.o(.text.USART_SetAddress), (34 bytes).
    Removing stm32f10x_usart.o(.ARM.exidx.text.USART_SetAddress), (8 bytes).
    Removing stm32f10x_usart.o(.text.USART_WakeUpConfig), (34 bytes).
    Removing stm32f10x_usart.o(.ARM.exidx.text.USART_WakeUpConfig), (8 bytes).
    Removing stm32f10x_usart.o(.text.USART_ReceiverWakeUpCmd), (44 bytes).
    Removing stm32f10x_usart.o(.ARM.exidx.text.USART_ReceiverWakeUpCmd), (8 bytes).
    Removing stm32f10x_usart.o(.text.USART_LINBreakDetectLengthConfig), (34 bytes).
    Removing stm32f10x_usart.o(.ARM.exidx.text.USART_LINBreakDetectLengthConfig), (8 bytes).
    Removing stm32f10x_usart.o(.text.USART_LINCmd), (44 bytes).
    Removing stm32f10x_usart.o(.ARM.exidx.text.USART_LINCmd), (8 bytes).
    Removing stm32f10x_usart.o(.ARM.exidx.text.USART_SendData), (8 bytes).
    Removing stm32f10x_usart.o(.ARM.exidx.text.USART_ReceiveData), (8 bytes).
    Removing stm32f10x_usart.o(.text.USART_SendBreak), (18 bytes).
    Removing stm32f10x_usart.o(.ARM.exidx.text.USART_SendBreak), (8 bytes).
    Removing stm32f10x_usart.o(.text.USART_SetGuardTime), (34 bytes).
    Removing stm32f10x_usart.o(.ARM.exidx.text.USART_SetGuardTime), (8 bytes).
    Removing stm32f10x_usart.o(.text.USART_SetPrescaler), (34 bytes).
    Removing stm32f10x_usart.o(.ARM.exidx.text.USART_SetPrescaler), (8 bytes).
    Removing stm32f10x_usart.o(.text.USART_SmartCardCmd), (44 bytes).
    Removing stm32f10x_usart.o(.ARM.exidx.text.USART_SmartCardCmd), (8 bytes).
    Removing stm32f10x_usart.o(.text.USART_SmartCardNACKCmd), (44 bytes).
    Removing stm32f10x_usart.o(.ARM.exidx.text.USART_SmartCardNACKCmd), (8 bytes).
    Removing stm32f10x_usart.o(.text.USART_HalfDuplexCmd), (44 bytes).
    Removing stm32f10x_usart.o(.ARM.exidx.text.USART_HalfDuplexCmd), (8 bytes).
    Removing stm32f10x_usart.o(.text.USART_OverSampling8Cmd), (44 bytes).
    Removing stm32f10x_usart.o(.ARM.exidx.text.USART_OverSampling8Cmd), (8 bytes).
    Removing stm32f10x_usart.o(.text.USART_OneBitMethodCmd), (44 bytes).
    Removing stm32f10x_usart.o(.ARM.exidx.text.USART_OneBitMethodCmd), (8 bytes).
    Removing stm32f10x_usart.o(.text.USART_IrDAConfig), (34 bytes).
    Removing stm32f10x_usart.o(.ARM.exidx.text.USART_IrDAConfig), (8 bytes).
    Removing stm32f10x_usart.o(.text.USART_IrDACmd), (44 bytes).
    Removing stm32f10x_usart.o(.ARM.exidx.text.USART_IrDACmd), (8 bytes).
    Removing stm32f10x_usart.o(.ARM.exidx.text.USART_GetFlagStatus), (8 bytes).
    Removing stm32f10x_usart.o(.text.USART_ClearFlag), (36 bytes).
    Removing stm32f10x_usart.o(.ARM.exidx.text.USART_ClearFlag), (8 bytes).
    Removing stm32f10x_usart.o(.ARM.exidx.text.USART_GetITStatus), (8 bytes).
    Removing stm32f10x_usart.o(.text.USART_ClearITPendingBit), (68 bytes).
    Removing stm32f10x_usart.o(.ARM.exidx.text.USART_ClearITPendingBit), (8 bytes).
    Removing startup_stm32f10x_hd.o(HEAP), (512 bytes).
    Removing system_stm32f10x.o(.text), (0 bytes).
    Removing system_stm32f10x.o(.ARM.exidx.text.SystemInit), (8 bytes).
    Removing system_stm32f10x.o(.ARM.exidx.text.SetSysClock), (8 bytes).
    Removing system_stm32f10x.o(.text.SystemCoreClockUpdate), (290 bytes).
    Removing system_stm32f10x.o(.ARM.exidx.text.SystemCoreClockUpdate), (8 bytes).
    Removing system_stm32f10x.o(.ARM.exidx.text.SetSysClockTo72), (8 bytes).
    Removing system_stm32f10x.o(.rodata.AHBPrescTable), (16 bytes).

436 unused section(s) (total 15132 bytes) removed from the image.

==============================================================================

Image Symbol Table

    Local Symbols

    Symbol Name                              Value     Ov Type        Size  Object(Section)

    ../clib/division.s                       0x00000000   Number         0  aeabi_sdiv.o ABSOLUTE
    ../clib/microlib/division.c              0x00000000   Number         0  uidiv.o ABSOLUTE
    ../clib/microlib/division.c              0x00000000   Number         0  uldiv.o ABSOLUTE
    ../clib/microlib/init/entry.s            0x00000000   Number         0  entry.o ABSOLUTE
    ../clib/microlib/init/entry.s            0x00000000   Number         0  entry2.o ABSOLUTE
    ../clib/microlib/init/entry.s            0x00000000   Number         0  entry5.o ABSOLUTE
    ../clib/microlib/init/entry.s            0x00000000   Number         0  entry7a.o ABSOLUTE
    ../clib/microlib/init/entry.s            0x00000000   Number         0  entry7b.o ABSOLUTE
    ../clib/microlib/init/entry.s            0x00000000   Number         0  entry8a.o ABSOLUTE
    ../clib/microlib/init/entry.s            0x00000000   Number         0  entry8b.o ABSOLUTE
    ../clib/microlib/init/entry.s            0x00000000   Number         0  entry9a.o ABSOLUTE
    ../clib/microlib/init/entry.s            0x00000000   Number         0  entry9b.o ABSOLUTE
    ../clib/microlib/init/entry.s            0x00000000   Number         0  entry10a.o ABSOLUTE
    ../clib/microlib/init/entry.s            0x00000000   Number         0  entry10b.o ABSOLUTE
    ../clib/microlib/init/entry.s            0x00000000   Number         0  entry11a.o ABSOLUTE
    ../clib/microlib/init/entry.s            0x00000000   Number         0  entry11b.o ABSOLUTE
    ../clib/microlib/longlong.c              0x00000000   Number         0  llshl.o ABSOLUTE
    ../clib/microlib/longlong.c              0x00000000   Number         0  llushr.o ABSOLUTE
    ../clib/microlib/longlong.c              0x00000000   Number         0  llsshr.o ABSOLUTE
    ../clib/microlib/printf/printf.c         0x00000000   Number         0  printfa.o ABSOLUTE
    ../clib/microlib/stdio/streams.c         0x00000000   Number         0  stdout.o ABSOLUTE
    ../clib/microlib/string/memset.c         0x00000000   Number         0  memseta.o ABSOLUTE
    ../clib/microlib/string/strlen.c         0x00000000   Number         0  strlen.o ABSOLUTE
    ../clib/microlib/string/strstr.c         0x00000000   Number         0  strstr.o ABSOLUTE
    ../clib/microlib/stubs.s                 0x00000000   Number         0  iusefp.o ABSOLUTE
    ../fplib/microlib/fpadd.c                0x00000000   Number         0  dadd.o ABSOLUTE
    ../fplib/microlib/fpdiv.c                0x00000000   Number         0  ddiv.o ABSOLUTE
    ../fplib/microlib/fpepilogue.c           0x00000000   Number         0  depilogue.o ABSOLUTE
    ../fplib/microlib/fpfix.c                0x00000000   Number         0  dfixul.o ABSOLUTE
    ../fplib/microlib/fpmul.c                0x00000000   Number         0  dmul.o ABSOLUTE
    RTE/Device/STM32F103ZE/startup_stm32f10x_hd.s 0x00000000   Number         0  startup_stm32f10x_hd.o ABSOLUTE
    beep.c                                   0x00000000   Number         0  beep.o ABSOLUTE
    cdrcmple.s                               0x00000000   Number         0  cdrcmple.o ABSOLUTE
    dc.s                                     0x00000000   Number         0  dc.o ABSOLUTE
    delay.c                                  0x00000000   Number         0  delay.o ABSOLUTE
    exti.c                                   0x00000000   Number         0  exti.o ABSOLUTE
    handlers.s                               0x00000000   Number         0  handlers.o ABSOLUTE
    init.s                                   0x00000000   Number         0  init.o ABSOLUTE
    ir.c                                     0x00000000   Number         0  ir.o ABSOLUTE
    led.c                                    0x00000000   Number         0  led.o ABSOLUTE
    main.c                                   0x00000000   Number         0  main.o ABSOLUTE
    misc.c                                   0x00000000   Number         0  misc.o ABSOLUTE
    motor - 2.0.c                            0x00000000   Number         0  motor - 2.0.o ABSOLUTE
    motor.c                                  0x00000000   Number         0  motor.o ABSOLUTE
    sr04.c                                   0x00000000   Number         0  sr04.o ABSOLUTE
    stm32f10x_exti.c                         0x00000000   Number         0  stm32f10x_exti.o ABSOLUTE
    stm32f10x_gpio.c                         0x00000000   Number         0  stm32f10x_gpio.o ABSOLUTE
    stm32f10x_rcc.c                          0x00000000   Number         0  stm32f10x_rcc.o ABSOLUTE
    stm32f10x_tim.c                          0x00000000   Number         0  stm32f10x_tim.o ABSOLUTE
    stm32f10x_usart.c                        0x00000000   Number         0  stm32f10x_usart.o ABSOLUTE
    system_stm32f10x.c                       0x00000000   Number         0  system_stm32f10x.o ABSOLUTE
    tim.c                                    0x00000000   Number         0  tim.o ABSOLUTE
    timer.c                                  0x00000000   Number         0  timer.o ABSOLUTE
    usart.c                                  0x00000000   Number         0  usart.o ABSOLUTE
    RESET                                    0x08000000   Section      304  startup_stm32f10x_hd.o(RESET)
    .ARM.Collect$$$$00000000                 0x08000130   Section        0  entry.o(.ARM.Collect$$$$00000000)
    .ARM.Collect$$$$00000001                 0x08000130   Section        4  entry2.o(.ARM.Collect$$$$00000001)
    .ARM.Collect$$$$00000004                 0x08000134   Section        4  entry5.o(.ARM.Collect$$$$00000004)
    .ARM.Collect$$$$00000008                 0x08000138   Section        0  entry7b.o(.ARM.Collect$$$$00000008)
    .ARM.Collect$$$$0000000A                 0x08000138   Section        0  entry8b.o(.ARM.Collect$$$$0000000A)
    .ARM.Collect$$$$0000000B                 0x08000138   Section        8  entry9a.o(.ARM.Collect$$$$0000000B)
    __lit__00000000                          0x08000140   Data           4  entry2.o(.ARM.Collect$$$$00002712)
    .ARM.Collect$$$$0000000D                 0x08000140   Section        0  entry10a.o(.ARM.Collect$$$$0000000D)
    .ARM.Collect$$$$0000000F                 0x08000140   Section        0  entry11a.o(.ARM.Collect$$$$0000000F)
    .ARM.Collect$$$$00002712                 0x08000140   Section        4  entry2.o(.ARM.Collect$$$$00002712)
    .text                                    0x08000144   Section       36  startup_stm32f10x_hd.o(.text)
    .text                                    0x08000168   Section        0  memseta.o(.text)
    .text                                    0x0800018c   Section        0  strstr.o(.text)
    .text                                    0x080001b0   Section        0  strlen.o(.text)
    .text                                    0x080001be   Section        0  uidiv.o(.text)
    .text                                    0x080001ea   Section        0  uldiv.o(.text)
    .text                                    0x0800024c   Section        0  iusefp.o(.text)
    .text                                    0x0800024c   Section        0  dadd.o(.text)
    .text                                    0x0800039a   Section        0  dmul.o(.text)
    .text                                    0x0800047e   Section        0  ddiv.o(.text)
    .text                                    0x0800055c   Section        0  dfixul.o(.text)
    .text                                    0x0800058c   Section       48  cdrcmple.o(.text)
    .text                                    0x080005bc   Section       36  init.o(.text)
    .text                                    0x080005e0   Section        0  llshl.o(.text)
    .text                                    0x080005fe   Section        0  llushr.o(.text)
    .text                                    0x0800061e   Section        0  llsshr.o(.text)
    .text                                    0x08000642   Section        0  depilogue.o(.text)
    [Anonymous Symbol]                       0x080006fc   Section        0  led.o(.text.Anquan)
    [Anonymous Symbol]                       0x08000730   Section        0  motor - 2.0.o(.text.BACK)
    [Anonymous Symbol]                       0x08000774   Section        0  motor - 2.0.o(.text.BIGLEFT)
    [Anonymous Symbol]                       0x080007b8   Section        0  motor - 2.0.o(.text.BIGRIGHT)
    [Anonymous Symbol]                       0x080007fc   Section        0  sr04.o(.text.Chaoshengbo)
    [Anonymous Symbol]                       0x0800094c   Section        0  main.o(.text.Directive)
    [Anonymous Symbol]                       0x08000ccc   Section        0  motor - 2.0.o(.text.GO)
    [Anonymous Symbol]                       0x08000d10   Section        0  stm32f10x_gpio.o(.text.GPIO_Init)
    [Anonymous Symbol]                       0x08000e98   Section        0  stm32f10x_gpio.o(.text.GPIO_ResetBits)
    [Anonymous Symbol]                       0x08000eac   Section        0  stm32f10x_gpio.o(.text.GPIO_SetBits)
    [Anonymous Symbol]                       0x08000ec0   Section        0  motor - 2.0.o(.text.HongwaiControl)
    [Anonymous Symbol]                       0x08000fc0   Section        0  motor - 2.0.o(.text.LEFT)
    [Anonymous Symbol]                       0x08001004   Section        0  led.o(.text.Minianquan)
    [Anonymous Symbol]                       0x08001038   Section        0  sr04.o(.text.Moshushou)
    [Anonymous Symbol]                       0x080011f0   Section        0  misc.o(.text.NVIC_Init)
    [Anonymous Symbol]                       0x0800129c   Section        0  misc.o(.text.NVIC_PriorityGroupConfig)
    [Anonymous Symbol]                       0x080012b8   Section        0  led.o(.text.Noanquan)
    [Anonymous Symbol]                       0x080012ec   Section        0  motor - 2.0.o(.text.Pump_init)
    [Anonymous Symbol]                       0x080013a0   Section        0  stm32f10x_rcc.o(.text.RCC_APB1PeriphClockCmd)
    [Anonymous Symbol]                       0x080013d8   Section        0  stm32f10x_rcc.o(.text.RCC_APB2PeriphClockCmd)
    [Anonymous Symbol]                       0x08001410   Section        0  stm32f10x_rcc.o(.text.RCC_GetClocksFreq)
    [Anonymous Symbol]                       0x08001584   Section        0  motor - 2.0.o(.text.RIGHT)
    [Anonymous Symbol]                       0x080015c8   Section        0  sr04.o(.text.Ruku)
    [Anonymous Symbol]                       0x080016c8   Section        0  motor - 2.0.o(.text.STOP)
    [Anonymous Symbol]                       0x0800170c   Section        0  motor - 2.0.o(.text.SanxianControl)
    SetSysClock                              0x08001935   Thumb Code     8  system_stm32f10x.o(.text.SetSysClock)
    [Anonymous Symbol]                       0x08001934   Section        0  system_stm32f10x.o(.text.SetSysClock)
    SetSysClockTo72                          0x0800193d   Thumb Code   290  system_stm32f10x.o(.text.SetSysClockTo72)
    [Anonymous Symbol]                       0x0800193c   Section        0  system_stm32f10x.o(.text.SetSysClockTo72)
    [Anonymous Symbol]                       0x08001a60   Section        0  misc.o(.text.SysTick_CLKSourceConfig)
    [Anonymous Symbol]                       0x08001a94   Section        0  delay.o(.text.SysTick_Init)
    [Anonymous Symbol]                       0x08001ad4   Section        0  system_stm32f10x.o(.text.SystemInit)
    [Anonymous Symbol]                       0x08001b3c   Section        0  main.o(.text.TIM2_IRQHandler)
    [Anonymous Symbol]                       0x08001c00   Section        0  stm32f10x_tim.o(.text.TIM_ClearITPendingBit)
    [Anonymous Symbol]                       0x08001c18   Section        0  stm32f10x_tim.o(.text.TIM_Cmd)
    [Anonymous Symbol]                       0x08001c44   Section        0  stm32f10x_tim.o(.text.TIM_GetITStatus)
    [Anonymous Symbol]                       0x08001ca0   Section        0  stm32f10x_tim.o(.text.TIM_ITConfig)
    [Anonymous Symbol]                       0x08001cd4   Section        0  stm32f10x_tim.o(.text.TIM_TimeBaseInit)
    [Anonymous Symbol]                       0x08001e18   Section        0  main.o(.text.USART1_IRQHandler)
    [Anonymous Symbol]                       0x08001ee4   Section        0  usart.o(.text.USART1_Init)
    [Anonymous Symbol]                       0x08001fa0   Section        0  usart.o(.text.USART1_SendBytes)
    [Anonymous Symbol]                       0x08001fe8   Section        0  main.o(.text.USART3_IRQHandler)
    [Anonymous Symbol]                       0x080020b4   Section        0  usart.o(.text.USART3_Init)
    [Anonymous Symbol]                       0x08002170   Section        0  usart.o(.text.USART3_SendBytes)
    [Anonymous Symbol]                       0x080021b8   Section        0  stm32f10x_usart.o(.text.USART_Cmd)
    [Anonymous Symbol]                       0x080021e4   Section        0  stm32f10x_usart.o(.text.USART_GetFlagStatus)
    [Anonymous Symbol]                       0x08002228   Section        0  stm32f10x_usart.o(.text.USART_GetITStatus)
    [Anonymous Symbol]                       0x080022d8   Section        0  stm32f10x_usart.o(.text.USART_ITConfig)
    [Anonymous Symbol]                       0x0800236c   Section        0  stm32f10x_usart.o(.text.USART_Init)
    [Anonymous Symbol]                       0x080024c8   Section        0  stm32f10x_usart.o(.text.USART_ReceiveData)
    [Anonymous Symbol]                       0x080024d8   Section        0  stm32f10x_usart.o(.text.USART_SendData)
    [Anonymous Symbol]                       0x080024f0   Section        0  delay.o(.text.delay_ms)
    [Anonymous Symbol]                       0x08002580   Section        0  delay.o(.text.delay_us)
    [Anonymous Symbol]                       0x0800260c   Section        0  beep.o(.text.fengming_init)
    [Anonymous Symbol]                       0x08002640   Section        0  usart.o(.text.fputc)
    [Anonymous Symbol]                       0x08002670   Section        0  ir.o(.text.hongwai_init)
    [Anonymous Symbol]                       0x080026bc   Section        0  led.o(.text.led_init)
    [Anonymous Symbol]                       0x08002708   Section        0  main.o(.text.main)
    [Anonymous Symbol]                       0x08002780   Section        0  ir.o(.text.sanxian_init)
    [Anonymous Symbol]                       0x080027d8   Section        0  sr04.o(.text.sr04_get_distance)
    [Anonymous Symbol]                       0x0800283c   Section        0  sr04.o(.text.sr04_init)
    [Anonymous Symbol]                       0x08002898   Section        0  timer.o(.text.timer_init)
    i.__0printf                              0x0800290c   Section        0  printfa.o(i.__0printf)
    i.__scatterload_copy                     0x0800292c   Section       14  handlers.o(i.__scatterload_copy)
    i.__scatterload_null                     0x0800293a   Section        2  handlers.o(i.__scatterload_null)
    i.__scatterload_zeroinit                 0x0800293c   Section       14  handlers.o(i.__scatterload_zeroinit)
    _fp_digits                               0x0800294d   Thumb Code   366  printfa.o(i._fp_digits)
    i._fp_digits                             0x0800294c   Section        0  printfa.o(i._fp_digits)
    _printf_core                             0x08002ad1   Thumb Code  1744  printfa.o(i._printf_core)
    i._printf_core                           0x08002ad0   Section        0  printfa.o(i._printf_core)
    _printf_post_padding                     0x080031ad   Thumb Code    36  printfa.o(i._printf_post_padding)
    i._printf_post_padding                   0x080031ac   Section        0  printfa.o(i._printf_post_padding)
    _printf_pre_padding                      0x080031d1   Thumb Code    46  printfa.o(i._printf_pre_padding)
    i._printf_pre_padding                    0x080031d0   Section        0  printfa.o(i._printf_pre_padding)
    ADCPrescTable                            0x080031fe   Data           4  stm32f10x_rcc.o(.rodata.ADCPrescTable)
    [Anonymous Symbol]                       0x080031fe   Section        0  stm32f10x_rcc.o(.rodata.ADCPrescTable)
    APBAHBPrescTable                         0x08003202   Data          16  stm32f10x_rcc.o(.rodata.APBAHBPrescTable)
    [Anonymous Symbol]                       0x08003202   Section        0  stm32f10x_rcc.o(.rodata.APBAHBPrescTable)
    .L.str                                   0x08003212   Data           9  main.o(.rodata.str1.1)
    .L.str.1                                 0x08003212   Data           9  main.o(.rodata.str1.1)
    [Anonymous Symbol]                       0x08003212   Section        0  main.o(.rodata.str1.1)
    .L.str.6                                 0x0800321b   Data           4  main.o(.rodata.str1.1)
    .L.str.4                                 0x0800321f   Data           5  main.o(.rodata.str1.1)
    .L.str.5                                 0x0800321f   Data           5  main.o(.rodata.str1.1)
    .L.str.11                                0x08003224   Data           5  main.o(.rodata.str1.1)
    .L.str                                   0x08003229   Data           5  main.o(.rodata.str1.1)
    .L.str.8                                 0x08003229   Data           5  main.o(.rodata.str1.1)
    .L.str.7                                 0x0800322e   Data           3  main.o(.rodata.str1.1)
    .L.str.1                                 0x08003231   Data           3  main.o(.rodata.str1.1)
    .L.str.2                                 0x08003231   Data           3  main.o(.rodata.str1.1)
    .L.str.5                                 0x08003234   Data           5  main.o(.rodata.str1.1)
    .L.str.6                                 0x08003234   Data           5  main.o(.rodata.str1.1)
    .L.str.2                                 0x08003239   Data           5  main.o(.rodata.str1.1)
    .L.str.3                                 0x08003239   Data           5  main.o(.rodata.str1.1)
    .L.str.3                                 0x0800323e   Data           6  main.o(.rodata.str1.1)
    .L.str.4                                 0x0800323e   Data           6  main.o(.rodata.str1.1)
    .L.str                                   0x08003244   Data          10  main.o(.rodata.str1.1)
    .L.str.10                                0x08003244   Data          10  main.o(.rodata.str1.1)
    .L.str.1                                 0x0800324e   Data           5  main.o(.rodata.str1.1)
    .L.str.9                                 0x0800324e   Data           5  main.o(.rodata.str1.1)
    .L.str.7                                 0x08003253   Data           6  sr04.o(.rodata.str1.1)
    [Anonymous Symbol]                       0x08003253   Section        0  sr04.o(.rodata.str1.1)
    .data                                    0x20000000   Section        4  stdout.o(.data)
    TIM2_IRQHandler.cycle                    0x2000000a   Data           1  main.o(.bss.TIM2_IRQHandler.cycle)
    [Anonymous Symbol]                       0x2000000a   Section        0  main.o(.bss.TIM2_IRQHandler.cycle)
    fac_ms                                   0x20000118   Data           2  delay.o(.bss.fac_ms)
    [Anonymous Symbol]                       0x20000118   Section        0  delay.o(.bss.fac_ms)
    fac_us                                   0x2000011a   Data           1  delay.o(.bss.fac_us)
    [Anonymous Symbol]                       0x2000011a   Section        0  delay.o(.bss.fac_us)
    STACK                                    0x20000120   Section     1024  startup_stm32f10x_hd.o(STACK)

    Global Symbols

    Symbol Name                              Value     Ov Type        Size  Object(Section)

    BuildAttributes$$THM_ISAv4$P$D$K$B$S$PE$A:L22UL41UL21$X:L11$S22US41US21$IEEE1$IW$~IW$USESV6$~STKCKD$USESV7$~SHL$OSPACE$ROPI$EBA8$MICROLIB$REQ8$PRES8$EABIv2 0x00000000   Number         0  anon$$obj.o ABSOLUTE
    __cpp_initialize__aeabi_                  - Undefined Weak Reference
    __cxa_finalize                            - Undefined Weak Reference
    __decompress                              - Undefined Weak Reference
    _clock_init                               - Undefined Weak Reference
    _microlib_exit                            - Undefined Weak Reference
    __Vectors_Size                           0x00000130   Number         0  startup_stm32f10x_hd.o ABSOLUTE
    __Vectors                                0x08000000   Data           4  startup_stm32f10x_hd.o(RESET)
    __Vectors_End                            0x08000130   Data           0  startup_stm32f10x_hd.o(RESET)
    __main                                   0x08000131   Thumb Code     0  entry.o(.ARM.Collect$$$$00000000)
    _main_stk                                0x08000131   Thumb Code     0  entry2.o(.ARM.Collect$$$$00000001)
    _main_scatterload                        0x08000135   Thumb Code     0  entry5.o(.ARM.Collect$$$$00000004)
    __main_after_scatterload                 0x08000139   Thumb Code     0  entry5.o(.ARM.Collect$$$$00000004)
    _main_clock                              0x08000139   Thumb Code     0  entry7b.o(.ARM.Collect$$$$00000008)
    _main_cpp_init                           0x08000139   Thumb Code     0  entry8b.o(.ARM.Collect$$$$0000000A)
    _main_init                               0x08000139   Thumb Code     0  entry9a.o(.ARM.Collect$$$$0000000B)
    __rt_final_cpp                           0x08000141   Thumb Code     0  entry10a.o(.ARM.Collect$$$$0000000D)
    __rt_final_exit                          0x08000141   Thumb Code     0  entry11a.o(.ARM.Collect$$$$0000000F)
    Reset_Handler                            0x08000145   Thumb Code     8  startup_stm32f10x_hd.o(.text)
    NMI_Handler                              0x0800014d   Thumb Code     2  startup_stm32f10x_hd.o(.text)
    HardFault_Handler                        0x0800014f   Thumb Code     2  startup_stm32f10x_hd.o(.text)
    MemManage_Handler                        0x08000151   Thumb Code     2  startup_stm32f10x_hd.o(.text)
    BusFault_Handler                         0x08000153   Thumb Code     2  startup_stm32f10x_hd.o(.text)
    UsageFault_Handler                       0x08000155   Thumb Code     2  startup_stm32f10x_hd.o(.text)
    SVC_Handler                              0x08000157   Thumb Code     2  startup_stm32f10x_hd.o(.text)
    DebugMon_Handler                         0x08000159   Thumb Code     2  startup_stm32f10x_hd.o(.text)
    PendSV_Handler                           0x0800015b   Thumb Code     2  startup_stm32f10x_hd.o(.text)
    SysTick_Handler                          0x0800015d   Thumb Code     2  startup_stm32f10x_hd.o(.text)
    ADC1_2_IRQHandler                        0x0800015f   Thumb Code     0  startup_stm32f10x_hd.o(.text)
    ADC3_IRQHandler                          0x0800015f   Thumb Code     0  startup_stm32f10x_hd.o(.text)
    CAN1_RX1_IRQHandler                      0x0800015f   Thumb Code     0  startup_stm32f10x_hd.o(.text)
    CAN1_SCE_IRQHandler                      0x0800015f   Thumb Code     0  startup_stm32f10x_hd.o(.text)
    DMA1_Channel1_IRQHandler                 0x0800015f   Thumb Code     0  startup_stm32f10x_hd.o(.text)
    DMA1_Channel2_IRQHandler                 0x0800015f   Thumb Code     0  startup_stm32f10x_hd.o(.text)
    DMA1_Channel3_IRQHandler                 0x0800015f   Thumb Code     0  startup_stm32f10x_hd.o(.text)
    DMA1_Channel4_IRQHandler                 0x0800015f   Thumb Code     0  startup_stm32f10x_hd.o(.text)
    DMA1_Channel5_IRQHandler                 0x0800015f   Thumb Code     0  startup_stm32f10x_hd.o(.text)
    DMA1_Channel6_IRQHandler                 0x0800015f   Thumb Code     0  startup_stm32f10x_hd.o(.text)
    DMA1_Channel7_IRQHandler                 0x0800015f   Thumb Code     0  startup_stm32f10x_hd.o(.text)
    DMA2_Channel1_IRQHandler                 0x0800015f   Thumb Code     0  startup_stm32f10x_hd.o(.text)
    DMA2_Channel2_IRQHandler                 0x0800015f   Thumb Code     0  startup_stm32f10x_hd.o(.text)
    DMA2_Channel3_IRQHandler                 0x0800015f   Thumb Code     0  startup_stm32f10x_hd.o(.text)
    DMA2_Channel4_5_IRQHandler               0x0800015f   Thumb Code     0  startup_stm32f10x_hd.o(.text)
    EXTI0_IRQHandler                         0x0800015f   Thumb Code     0  startup_stm32f10x_hd.o(.text)
    EXTI15_10_IRQHandler                     0x0800015f   Thumb Code     0  startup_stm32f10x_hd.o(.text)
    EXTI1_IRQHandler                         0x0800015f   Thumb Code     0  startup_stm32f10x_hd.o(.text)
    EXTI2_IRQHandler                         0x0800015f   Thumb Code     0  startup_stm32f10x_hd.o(.text)
    EXTI3_IRQHandler                         0x0800015f   Thumb Code     0  startup_stm32f10x_hd.o(.text)
    EXTI4_IRQHandler                         0x0800015f   Thumb Code     0  startup_stm32f10x_hd.o(.text)
    EXTI9_5_IRQHandler                       0x0800015f   Thumb Code     0  startup_stm32f10x_hd.o(.text)
    FLASH_IRQHandler                         0x0800015f   Thumb Code     0  startup_stm32f10x_hd.o(.text)
    FSMC_IRQHandler                          0x0800015f   Thumb Code     0  startup_stm32f10x_hd.o(.text)
    I2C1_ER_IRQHandler                       0x0800015f   Thumb Code     0  startup_stm32f10x_hd.o(.text)
    I2C1_EV_IRQHandler                       0x0800015f   Thumb Code     0  startup_stm32f10x_hd.o(.text)
    I2C2_ER_IRQHandler                       0x0800015f   Thumb Code     0  startup_stm32f10x_hd.o(.text)
    I2C2_EV_IRQHandler                       0x0800015f   Thumb Code     0  startup_stm32f10x_hd.o(.text)
    PVD_IRQHandler                           0x0800015f   Thumb Code     0  startup_stm32f10x_hd.o(.text)
    RCC_IRQHandler                           0x0800015f   Thumb Code     0  startup_stm32f10x_hd.o(.text)
    RTCAlarm_IRQHandler                      0x0800015f   Thumb Code     0  startup_stm32f10x_hd.o(.text)
    RTC_IRQHandler                           0x0800015f   Thumb Code     0  startup_stm32f10x_hd.o(.text)
    SDIO_IRQHandler                          0x0800015f   Thumb Code     0  startup_stm32f10x_hd.o(.text)
    SPI1_IRQHandler                          0x0800015f   Thumb Code     0  startup_stm32f10x_hd.o(.text)
    SPI2_IRQHandler                          0x0800015f   Thumb Code     0  startup_stm32f10x_hd.o(.text)
    SPI3_IRQHandler                          0x0800015f   Thumb Code     0  startup_stm32f10x_hd.o(.text)
    TAMPER_IRQHandler                        0x0800015f   Thumb Code     0  startup_stm32f10x_hd.o(.text)
    TIM1_BRK_IRQHandler                      0x0800015f   Thumb Code     0  startup_stm32f10x_hd.o(.text)
    TIM1_CC_IRQHandler                       0x0800015f   Thumb Code     0  startup_stm32f10x_hd.o(.text)
    TIM1_TRG_COM_IRQHandler                  0x0800015f   Thumb Code     0  startup_stm32f10x_hd.o(.text)
    TIM1_UP_IRQHandler                       0x0800015f   Thumb Code     0  startup_stm32f10x_hd.o(.text)
    TIM3_IRQHandler                          0x0800015f   Thumb Code     0  startup_stm32f10x_hd.o(.text)
    TIM4_IRQHandler                          0x0800015f   Thumb Code     0  startup_stm32f10x_hd.o(.text)
    TIM5_IRQHandler                          0x0800015f   Thumb Code     0  startup_stm32f10x_hd.o(.text)
    TIM6_IRQHandler                          0x0800015f   Thumb Code     0  startup_stm32f10x_hd.o(.text)
    TIM7_IRQHandler                          0x0800015f   Thumb Code     0  startup_stm32f10x_hd.o(.text)
    TIM8_BRK_IRQHandler                      0x0800015f   Thumb Code     0  startup_stm32f10x_hd.o(.text)
    TIM8_CC_IRQHandler                       0x0800015f   Thumb Code     0  startup_stm32f10x_hd.o(.text)
    TIM8_TRG_COM_IRQHandler                  0x0800015f   Thumb Code     0  startup_stm32f10x_hd.o(.text)
    TIM8_UP_IRQHandler                       0x0800015f   Thumb Code     0  startup_stm32f10x_hd.o(.text)
    UART4_IRQHandler                         0x0800015f   Thumb Code     0  startup_stm32f10x_hd.o(.text)
    UART5_IRQHandler                         0x0800015f   Thumb Code     0  startup_stm32f10x_hd.o(.text)
    USART2_IRQHandler                        0x0800015f   Thumb Code     0  startup_stm32f10x_hd.o(.text)
    USBWakeUp_IRQHandler                     0x0800015f   Thumb Code     0  startup_stm32f10x_hd.o(.text)
    USB_HP_CAN1_TX_IRQHandler                0x0800015f   Thumb Code     0  startup_stm32f10x_hd.o(.text)
    USB_LP_CAN1_RX0_IRQHandler               0x0800015f   Thumb Code     0  startup_stm32f10x_hd.o(.text)
    WWDG_IRQHandler                          0x0800015f   Thumb Code     0  startup_stm32f10x_hd.o(.text)
    __aeabi_memset                           0x08000169   Thumb Code    14  memseta.o(.text)
    __aeabi_memset4                          0x08000169   Thumb Code     0  memseta.o(.text)
    __aeabi_memset8                          0x08000169   Thumb Code     0  memseta.o(.text)
    __aeabi_memclr                           0x08000177   Thumb Code     4  memseta.o(.text)
    __aeabi_memclr4                          0x08000177   Thumb Code     0  memseta.o(.text)
    __aeabi_memclr8                          0x08000177   Thumb Code     0  memseta.o(.text)
    _memset$wrapper                          0x0800017b   Thumb Code    18  memseta.o(.text)
    strstr                                   0x0800018d   Thumb Code    36  strstr.o(.text)
    strlen                                   0x080001b1   Thumb Code    14  strlen.o(.text)
    __aeabi_uidiv                            0x080001bf   Thumb Code     0  uidiv.o(.text)
    __aeabi_uidivmod                         0x080001bf   Thumb Code    44  uidiv.o(.text)
    __aeabi_uldivmod                         0x080001eb   Thumb Code    98  uldiv.o(.text)
    __I$use$fp                               0x0800024d   Thumb Code     0  iusefp.o(.text)
    __aeabi_dadd                             0x0800024d   Thumb Code   322  dadd.o(.text)
    __aeabi_dsub                             0x0800038f   Thumb Code     6  dadd.o(.text)
    __aeabi_drsub                            0x08000395   Thumb Code     6  dadd.o(.text)
    __aeabi_dmul                             0x0800039b   Thumb Code   228  dmul.o(.text)
    __aeabi_ddiv                             0x0800047f   Thumb Code   222  ddiv.o(.text)
    __aeabi_d2ulz                            0x0800055d   Thumb Code    48  dfixul.o(.text)
    __aeabi_cdrcmple                         0x0800058d   Thumb Code    48  cdrcmple.o(.text)
    __scatterload                            0x080005bd   Thumb Code    28  init.o(.text)
    __scatterload_rt2                        0x080005bd   Thumb Code     0  init.o(.text)
    __aeabi_llsl                             0x080005e1   Thumb Code    30  llshl.o(.text)
    _ll_shift_l                              0x080005e1   Thumb Code     0  llshl.o(.text)
    __aeabi_llsr                             0x080005ff   Thumb Code    32  llushr.o(.text)
    _ll_ushift_r                             0x080005ff   Thumb Code     0  llushr.o(.text)
    __aeabi_lasr                             0x0800061f   Thumb Code    36  llsshr.o(.text)
    _ll_sshift_r                             0x0800061f   Thumb Code     0  llsshr.o(.text)
    _double_round                            0x08000643   Thumb Code    30  depilogue.o(.text)
    _double_epilogue                         0x08000661   Thumb Code   156  depilogue.o(.text)
    Anquan                                   0x080006fd   Thumb Code    52  led.o(.text.Anquan)
    BACK                                     0x08000731   Thumb Code    66  motor - 2.0.o(.text.BACK)
    BIGLEFT                                  0x08000775   Thumb Code    66  motor - 2.0.o(.text.BIGLEFT)
    BIGRIGHT                                 0x080007b9   Thumb Code    66  motor - 2.0.o(.text.BIGRIGHT)
    Chaoshengbo                              0x080007fd   Thumb Code   336  sr04.o(.text.Chaoshengbo)
    Directive                                0x0800094d   Thumb Code   896  main.o(.text.Directive)
    GO                                       0x08000ccd   Thumb Code    66  motor - 2.0.o(.text.GO)
    GPIO_Init                                0x08000d11   Thumb Code   390  stm32f10x_gpio.o(.text.GPIO_Init)
    GPIO_ResetBits                           0x08000e99   Thumb Code    20  stm32f10x_gpio.o(.text.GPIO_ResetBits)
    GPIO_SetBits                             0x08000ead   Thumb Code    20  stm32f10x_gpio.o(.text.GPIO_SetBits)
    HongwaiControl                           0x08000ec1   Thumb Code   256  motor - 2.0.o(.text.HongwaiControl)
    LEFT                                     0x08000fc1   Thumb Code    66  motor - 2.0.o(.text.LEFT)
    Minianquan                               0x08001005   Thumb Code    52  led.o(.text.Minianquan)
    Moshushou                                0x08001039   Thumb Code   438  sr04.o(.text.Moshushou)
    NVIC_Init                                0x080011f1   Thumb Code   170  misc.o(.text.NVIC_Init)
    NVIC_PriorityGroupConfig                 0x0800129d   Thumb Code    28  misc.o(.text.NVIC_PriorityGroupConfig)
    Noanquan                                 0x080012b9   Thumb Code    52  led.o(.text.Noanquan)
    Pump_init                                0x080012ed   Thumb Code   178  motor - 2.0.o(.text.Pump_init)
    RCC_APB1PeriphClockCmd                   0x080013a1   Thumb Code    56  stm32f10x_rcc.o(.text.RCC_APB1PeriphClockCmd)
    RCC_APB2PeriphClockCmd                   0x080013d9   Thumb Code    56  stm32f10x_rcc.o(.text.RCC_APB2PeriphClockCmd)
    RCC_GetClocksFreq                        0x08001411   Thumb Code   370  stm32f10x_rcc.o(.text.RCC_GetClocksFreq)
    RIGHT                                    0x08001585   Thumb Code    66  motor - 2.0.o(.text.RIGHT)
    Ruku                                     0x080015c9   Thumb Code   254  sr04.o(.text.Ruku)
    STOP                                     0x080016c9   Thumb Code    66  motor - 2.0.o(.text.STOP)
    SanxianControl                           0x0800170d   Thumb Code   552  motor - 2.0.o(.text.SanxianControl)
    SysTick_CLKSourceConfig                  0x08001a61   Thumb Code    52  misc.o(.text.SysTick_CLKSourceConfig)
    SysTick_Init                             0x08001a95   Thumb Code    64  delay.o(.text.SysTick_Init)
    SystemInit                               0x08001ad5   Thumb Code   102  system_stm32f10x.o(.text.SystemInit)
    TIM2_IRQHandler                          0x08001b3d   Thumb Code   194  main.o(.text.TIM2_IRQHandler)
    TIM_ClearITPendingBit                    0x08001c01   Thumb Code    22  stm32f10x_tim.o(.text.TIM_ClearITPendingBit)
    TIM_Cmd                                  0x08001c19   Thumb Code    44  stm32f10x_tim.o(.text.TIM_Cmd)
    TIM_GetITStatus                          0x08001c45   Thumb Code    90  stm32f10x_tim.o(.text.TIM_GetITStatus)
    TIM_ITConfig                             0x08001ca1   Thumb Code    52  stm32f10x_tim.o(.text.TIM_ITConfig)
    TIM_TimeBaseInit                         0x08001cd5   Thumb Code   322  stm32f10x_tim.o(.text.TIM_TimeBaseInit)
    USART1_IRQHandler                        0x08001e19   Thumb Code   204  main.o(.text.USART1_IRQHandler)
    USART1_Init                              0x08001ee5   Thumb Code   186  usart.o(.text.USART1_Init)
    USART1_SendBytes                         0x08001fa1   Thumb Code    70  usart.o(.text.USART1_SendBytes)
    USART3_IRQHandler                        0x08001fe9   Thumb Code   202  main.o(.text.USART3_IRQHandler)
    USART3_Init                              0x080020b5   Thumb Code   188  usart.o(.text.USART3_Init)
    USART3_SendBytes                         0x08002171   Thumb Code    70  usart.o(.text.USART3_SendBytes)
    USART_Cmd                                0x080021b9   Thumb Code    44  stm32f10x_usart.o(.text.USART_Cmd)
    USART_GetFlagStatus                      0x080021e5   Thumb Code    68  stm32f10x_usart.o(.text.USART_GetFlagStatus)
    USART_GetITStatus                        0x08002229   Thumb Code   176  stm32f10x_usart.o(.text.USART_GetITStatus)
    USART_ITConfig                           0x080022d9   Thumb Code   146  stm32f10x_usart.o(.text.USART_ITConfig)
    USART_Init                               0x0800236d   Thumb Code   348  stm32f10x_usart.o(.text.USART_Init)
    USART_ReceiveData                        0x080024c9   Thumb Code    16  stm32f10x_usart.o(.text.USART_ReceiveData)
    USART_SendData                           0x080024d9   Thumb Code    24  stm32f10x_usart.o(.text.USART_SendData)
    delay_ms                                 0x080024f1   Thumb Code   144  delay.o(.text.delay_ms)
    delay_us                                 0x08002581   Thumb Code   140  delay.o(.text.delay_us)
    fengming_init                            0x0800260d   Thumb Code    52  beep.o(.text.fengming_init)
    fputc                                    0x08002641   Thumb Code    48  usart.o(.text.fputc)
    hongwai_init                             0x08002671   Thumb Code    74  ir.o(.text.hongwai_init)
    led_init                                 0x080026bd   Thumb Code    76  led.o(.text.led_init)
    main                                     0x08002709   Thumb Code   118  main.o(.text.main)
    sanxian_init                             0x08002781   Thumb Code    88  ir.o(.text.sanxian_init)
    sr04_get_distance                        0x080027d9   Thumb Code   100  sr04.o(.text.sr04_get_distance)
    sr04_init                                0x0800283d   Thumb Code    90  sr04.o(.text.sr04_init)
    timer_init                               0x08002899   Thumb Code   116  timer.o(.text.timer_init)
    __0printf                                0x0800290d   Thumb Code    22  printfa.o(i.__0printf)
    __1printf                                0x0800290d   Thumb Code     0  printfa.o(i.__0printf)
    __2printf                                0x0800290d   Thumb Code     0  printfa.o(i.__0printf)
    __c89printf                              0x0800290d   Thumb Code     0  printfa.o(i.__0printf)
    printf                                   0x0800290d   Thumb Code     0  printfa.o(i.__0printf)
    __scatterload_copy                       0x0800292d   Thumb Code    14  handlers.o(i.__scatterload_copy)
    __scatterload_null                       0x0800293b   Thumb Code     2  handlers.o(i.__scatterload_null)
    __scatterload_zeroinit                   0x0800293d   Thumb Code    14  handlers.o(i.__scatterload_zeroinit)
    Region$$Table$$Base                      0x0800325c   Number         0  anon$$obj.o(Region$$Table)
    Region$$Table$$Limit                     0x0800327c   Number         0  anon$$obj.o(Region$$Table)
    __stdout                                 0x20000000   Data           4  stdout.o(.data)
    SystemCoreClock                          0x20000004   Data           4  system_stm32f10x.o(.data.SystemCoreClock)
    PWM_left                                 0x20000008   Data           1  main.o(.bss.PWM_left)
    PWM_right                                0x20000009   Data           1  main.o(.bss.PWM_right)
    USART1_RX_BUF                            0x2000000b   Data         128  usart.o(.bss.USART1_RX_BUF)
    USART1_RX_STA                            0x2000008c   Data           2  usart.o(.bss.USART1_RX_STA)
    USART1_RX_num                            0x2000008e   Data           2  usart.o(.bss.USART1_RX_num)
    USART3_RX_BUF                            0x20000090   Data         128  usart.o(.bss.USART3_RX_BUF)
    USART3_RX_STA                            0x20000110   Data           2  usart.o(.bss.USART3_RX_STA)
    USART3_RX_num                            0x20000112   Data           2  usart.o(.bss.USART3_RX_num)
    distance                                 0x20000114   Data           4  sr04.o(.bss.distance)
    __initial_sp                             0x20000520   Data           0  startup_stm32f10x_hd.o(STACK)



==============================================================================

Memory Map of the image

  Image Entry point : 0x08000131

  Load Region LR_IROM1 (Base: 0x08000000, Size: 0x00003288, Max: 0x00080000, ABSOLUTE)

    Execution Region ER_IROM1 (Exec base: 0x08000000, Load base: 0x08000000, Size: 0x0000327c, Max: 0x00080000, ABSOLUTE)

    Exec Addr    Load Addr    Size         Type   Attr      Idx    E Section Name        Object

    0x08000000   0x08000000   0x00000130   Data   RO          611    RESET               startup_stm32f10x_hd.o
    0x08000130   0x08000130   0x00000000   Code   RO          635  * .ARM.Collect$$$$00000000  mc_w.l(entry.o)
    0x08000130   0x08000130   0x00000004   Code   RO          672    .ARM.Collect$$$$00000001  mc_w.l(entry2.o)
    0x08000134   0x08000134   0x00000004   Code   RO          675    .ARM.Collect$$$$00000004  mc_w.l(entry5.o)
    0x08000138   0x08000138   0x00000000   Code   RO          677    .ARM.Collect$$$$00000008  mc_w.l(entry7b.o)
    0x08000138   0x08000138   0x00000000   Code   RO          679    .ARM.Collect$$$$0000000A  mc_w.l(entry8b.o)
    0x08000138   0x08000138   0x00000008   Code   RO          680    .ARM.Collect$$$$0000000B  mc_w.l(entry9a.o)
    0x08000140   0x08000140   0x00000000   Code   RO          682    .ARM.Collect$$$$0000000D  mc_w.l(entry10a.o)
    0x08000140   0x08000140   0x00000000   Code   RO          684    .ARM.Collect$$$$0000000F  mc_w.l(entry11a.o)
    0x08000140   0x08000140   0x00000004   Code   RO          673    .ARM.Collect$$$$00002712  mc_w.l(entry2.o)
    0x08000144   0x08000144   0x00000024   Code   RO          612    .text               startup_stm32f10x_hd.o
    0x08000168   0x08000168   0x00000024   Code   RO          638    .text               mc_w.l(memseta.o)
    0x0800018c   0x0800018c   0x00000024   Code   RO          640    .text               mc_w.l(strstr.o)
    0x080001b0   0x080001b0   0x0000000e   Code   RO          642    .text               mc_w.l(strlen.o)
    0x080001be   0x080001be   0x0000002c   Code   RO          696    .text               mc_w.l(uidiv.o)
    0x080001ea   0x080001ea   0x00000062   Code   RO          698    .text               mc_w.l(uldiv.o)
    0x0800024c   0x0800024c   0x00000000   Code   RO          700    .text               mc_w.l(iusefp.o)
    0x0800024c   0x0800024c   0x0000014e   Code   RO          701    .text               mf_w.l(dadd.o)
    0x0800039a   0x0800039a   0x000000e4   Code   RO          703    .text               mf_w.l(dmul.o)
    0x0800047e   0x0800047e   0x000000de   Code   RO          705    .text               mf_w.l(ddiv.o)
    0x0800055c   0x0800055c   0x00000030   Code   RO          707    .text               mf_w.l(dfixul.o)
    0x0800058c   0x0800058c   0x00000030   Code   RO          709    .text               mf_w.l(cdrcmple.o)
    0x080005bc   0x080005bc   0x00000024   Code   RO          711    .text               mc_w.l(init.o)
    0x080005e0   0x080005e0   0x0000001e   Code   RO          713    .text               mc_w.l(llshl.o)
    0x080005fe   0x080005fe   0x00000020   Code   RO          715    .text               mc_w.l(llushr.o)
    0x0800061e   0x0800061e   0x00000024   Code   RO          717    .text               mc_w.l(llsshr.o)
    0x08000642   0x08000642   0x000000ba   Code   RO          719    .text               mf_w.l(depilogue.o)
    0x080006fc   0x080006fc   0x00000034   Code   RO           45    .text.Anquan        led.o
    0x08000730   0x08000730   0x00000042   Code   RO          107    .text.BACK          motor - 2.0.o
    0x08000772   0x08000772   0x00000002   PAD
    0x08000774   0x08000774   0x00000042   Code   RO          111    .text.BIGLEFT       motor - 2.0.o
    0x080007b6   0x080007b6   0x00000002   PAD
    0x080007b8   0x080007b8   0x00000042   Code   RO          115    .text.BIGRIGHT      motor - 2.0.o
    0x080007fa   0x080007fa   0x00000002   PAD
    0x080007fc   0x080007fc   0x00000150   Code   RO          145    .text.Chaoshengbo   sr04.o
    0x0800094c   0x0800094c   0x00000380   Code   RO            2    .text.Directive     main.o
    0x08000ccc   0x08000ccc   0x00000042   Code   RO          105    .text.GO            motor - 2.0.o
    0x08000d0e   0x08000d0e   0x00000002   PAD
    0x08000d10   0x08000d10   0x00000186   Code   RO          244    .text.GPIO_Init     stm32f10x_gpio.o
    0x08000e96   0x08000e96   0x00000002   PAD
    0x08000e98   0x08000e98   0x00000014   Code   RO          258    .text.GPIO_ResetBits  stm32f10x_gpio.o
    0x08000eac   0x08000eac   0x00000014   Code   RO          256    .text.GPIO_SetBits  stm32f10x_gpio.o
    0x08000ec0   0x08000ec0   0x00000100   Code   RO          121    .text.HongwaiControl  motor - 2.0.o
    0x08000fc0   0x08000fc0   0x00000042   Code   RO          109    .text.LEFT          motor - 2.0.o
    0x08001002   0x08001002   0x00000002   PAD
    0x08001004   0x08001004   0x00000034   Code   RO           49    .text.Minianquan    led.o
    0x08001038   0x08001038   0x000001b6   Code   RO          143    .text.Moshushou     sr04.o
    0x080011ee   0x080011ee   0x00000002   PAD
    0x080011f0   0x080011f0   0x000000aa   Code   RO          202    .text.NVIC_Init     misc.o
    0x0800129a   0x0800129a   0x00000002   PAD
    0x0800129c   0x0800129c   0x0000001c   Code   RO          200    .text.NVIC_PriorityGroupConfig  misc.o
    0x080012b8   0x080012b8   0x00000034   Code   RO           47    .text.Noanquan      led.o
    0x080012ec   0x080012ec   0x000000b2   Code   RO          103    .text.Pump_init     motor - 2.0.o
    0x0800139e   0x0800139e   0x00000002   PAD
    0x080013a0   0x080013a0   0x00000038   Code   RO          329    .text.RCC_APB1PeriphClockCmd  stm32f10x_rcc.o
    0x080013d8   0x080013d8   0x00000038   Code   RO          327    .text.RCC_APB2PeriphClockCmd  stm32f10x_rcc.o
    0x08001410   0x08001410   0x00000172   Code   RO          323    .text.RCC_GetClocksFreq  stm32f10x_rcc.o
    0x08001582   0x08001582   0x00000002   PAD
    0x08001584   0x08001584   0x00000042   Code   RO          113    .text.RIGHT         motor - 2.0.o
    0x080015c6   0x080015c6   0x00000002   PAD
    0x080015c8   0x080015c8   0x000000fe   Code   RO          147    .text.Ruku          sr04.o
    0x080016c6   0x080016c6   0x00000002   PAD
    0x080016c8   0x080016c8   0x00000042   Code   RO          117    .text.STOP          motor - 2.0.o
    0x0800170a   0x0800170a   0x00000002   PAD
    0x0800170c   0x0800170c   0x00000228   Code   RO          119    .text.SanxianControl  motor - 2.0.o
    0x08001934   0x08001934   0x00000008   Code   RO          621    .text.SetSysClock   system_stm32f10x.o
    0x0800193c   0x0800193c   0x00000122   Code   RO          625    .text.SetSysClockTo72  system_stm32f10x.o
    0x08001a5e   0x08001a5e   0x00000002   PAD
    0x08001a60   0x08001a60   0x00000034   Code   RO          208    .text.SysTick_CLKSourceConfig  misc.o
    0x08001a94   0x08001a94   0x00000040   Code   RO          185    .text.SysTick_Init  delay.o
    0x08001ad4   0x08001ad4   0x00000066   Code   RO          619    .text.SystemInit    system_stm32f10x.o
    0x08001b3a   0x08001b3a   0x00000002   PAD
    0x08001b3c   0x08001b3c   0x000000c2   Code   RO            6    .text.TIM2_IRQHandler  main.o
    0x08001bfe   0x08001bfe   0x00000002   PAD
    0x08001c00   0x08001c00   0x00000016   Code   RO          536    .text.TIM_ClearITPendingBit  stm32f10x_tim.o
    0x08001c16   0x08001c16   0x00000002   PAD
    0x08001c18   0x08001c18   0x0000002c   Code   RO          398    .text.TIM_Cmd       stm32f10x_tim.o
    0x08001c44   0x08001c44   0x0000005a   Code   RO          534    .text.TIM_GetITStatus  stm32f10x_tim.o
    0x08001c9e   0x08001c9e   0x00000002   PAD
    0x08001ca0   0x08001ca0   0x00000034   Code   RO          402    .text.TIM_ITConfig  stm32f10x_tim.o
    0x08001cd4   0x08001cd4   0x00000142   Code   RO          358    .text.TIM_TimeBaseInit  stm32f10x_tim.o
    0x08001e16   0x08001e16   0x00000002   PAD
    0x08001e18   0x08001e18   0x000000cc   Code   RO            8    .text.USART1_IRQHandler  main.o
    0x08001ee4   0x08001ee4   0x000000ba   Code   RO          168    .text.USART1_Init   usart.o
    0x08001f9e   0x08001f9e   0x00000002   PAD
    0x08001fa0   0x08001fa0   0x00000046   Code   RO          160    .text.USART1_SendBytes  usart.o
    0x08001fe6   0x08001fe6   0x00000002   PAD
    0x08001fe8   0x08001fe8   0x000000ca   Code   RO           10    .text.USART3_IRQHandler  main.o
    0x080020b2   0x080020b2   0x00000002   PAD
    0x080020b4   0x080020b4   0x000000bc   Code   RO          170    .text.USART3_Init   usart.o
    0x08002170   0x08002170   0x00000046   Code   RO          164    .text.USART3_SendBytes  usart.o
    0x080021b6   0x080021b6   0x00000002   PAD
    0x080021b8   0x080021b8   0x0000002c   Code   RO          555    .text.USART_Cmd     stm32f10x_usart.o
    0x080021e4   0x080021e4   0x00000044   Code   RO          595    .text.USART_GetFlagStatus  stm32f10x_usart.o
    0x08002228   0x08002228   0x000000b0   Code   RO          599    .text.USART_GetITStatus  stm32f10x_usart.o
    0x080022d8   0x080022d8   0x00000092   Code   RO          557    .text.USART_ITConfig  stm32f10x_usart.o
    0x0800236a   0x0800236a   0x00000002   PAD
    0x0800236c   0x0800236c   0x0000015c   Code   RO          547    .text.USART_Init    stm32f10x_usart.o
    0x080024c8   0x080024c8   0x00000010   Code   RO          573    .text.USART_ReceiveData  stm32f10x_usart.o
    0x080024d8   0x080024d8   0x00000018   Code   RO          571    .text.USART_SendData  stm32f10x_usart.o
    0x080024f0   0x080024f0   0x00000090   Code   RO          189    .text.delay_ms      delay.o
    0x08002580   0x08002580   0x0000008c   Code   RO          187    .text.delay_us      delay.o
    0x0800260c   0x0800260c   0x00000034   Code   RO           24    .text.fengming_init  beep.o
    0x08002640   0x08002640   0x00000030   Code   RO          158    .text.fputc         usart.o
    0x08002670   0x08002670   0x0000004a   Code   RO           32    .text.hongwai_init  ir.o
    0x080026ba   0x080026ba   0x00000002   PAD
    0x080026bc   0x080026bc   0x0000004c   Code   RO           43    .text.led_init      led.o
    0x08002708   0x08002708   0x00000076   Code   RO            4    .text.main          main.o
    0x0800277e   0x0800277e   0x00000002   PAD
    0x08002780   0x08002780   0x00000058   Code   RO           34    .text.sanxian_init  ir.o
    0x080027d8   0x080027d8   0x00000064   Code   RO          141    .text.sr04_get_distance  sr04.o
    0x0800283c   0x0800283c   0x0000005a   Code   RO          139    .text.sr04_init     sr04.o
    0x08002896   0x08002896   0x00000002   PAD
    0x08002898   0x08002898   0x00000074   Code   RO          131    .text.timer_init    timer.o
    0x0800290c   0x0800290c   0x00000020   Code   RO          645    i.__0printf         mc_w.l(printfa.o)
    0x0800292c   0x0800292c   0x0000000e   Code   RO          723    i.__scatterload_copy  mc_w.l(handlers.o)
    0x0800293a   0x0800293a   0x00000002   Code   RO          724    i.__scatterload_null  mc_w.l(handlers.o)
    0x0800293c   0x0800293c   0x0000000e   Code   RO          725    i.__scatterload_zeroinit  mc_w.l(handlers.o)
    0x0800294a   0x0800294a   0x00000002   PAD
    0x0800294c   0x0800294c   0x00000184   Code   RO          652    i._fp_digits        mc_w.l(printfa.o)
    0x08002ad0   0x08002ad0   0x000006dc   Code   RO          653    i._printf_core      mc_w.l(printfa.o)
    0x080031ac   0x080031ac   0x00000024   Code   RO          654    i._printf_post_padding  mc_w.l(printfa.o)
    0x080031d0   0x080031d0   0x0000002e   Code   RO          655    i._printf_pre_padding  mc_w.l(printfa.o)
    0x080031fe   0x080031fe   0x00000004   Data   RO          348    .rodata.ADCPrescTable  stm32f10x_rcc.o
    0x08003202   0x08003202   0x00000010   Data   RO          347    .rodata.APBAHBPrescTable  stm32f10x_rcc.o
    0x08003212   0x08003212   0x00000041   Data   RO           14    .rodata.str1.1      main.o
    0x08003253   0x08003253   0x00000006   Data   RO          149    .rodata.str1.1      sr04.o
    0x08003259   0x08003259   0x00000003   PAD
    0x0800325c   0x0800325c   0x00000020   Data   RO          722    Region$$Table       anon$$obj.o


    Execution Region RW_IRAM1 (Exec base: 0x20000000, Load base: 0x08003280, Size: 0x00000520, Max: 0x00010000, ABSOLUTE)

    Exec Addr    Load Addr    Size         Type   Attr      Idx    E Section Name        Object

    0x20000000   0x08003280   0x00000004   Data   RW          686    .data               mc_w.l(stdout.o)
    0x20000004   0x08003284   0x00000004   Data   RW          627    .data.SystemCoreClock  system_stm32f10x.o
    0x20000008        -       0x00000001   Zero   RW           12    .bss.PWM_left       main.o
    0x20000009        -       0x00000001   Zero   RW           13    .bss.PWM_right      main.o
    0x2000000a        -       0x00000001   Zero   RW           15    .bss.TIM2_IRQHandler.cycle  main.o
    0x2000000b        -       0x00000080   Zero   RW          172    .bss.USART1_RX_BUF  usart.o
    0x2000008b   0x08003288   0x00000001   PAD
    0x2000008c        -       0x00000002   Zero   RW          173    .bss.USART1_RX_STA  usart.o
    0x2000008e        -       0x00000002   Zero   RW          174    .bss.USART1_RX_num  usart.o
    0x20000090        -       0x00000080   Zero   RW          175    .bss.USART3_RX_BUF  usart.o
    0x20000110        -       0x00000002   Zero   RW          176    .bss.USART3_RX_STA  usart.o
    0x20000112        -       0x00000002   Zero   RW          177    .bss.USART3_RX_num  usart.o
    0x20000114        -       0x00000004   Zero   RW          150    .bss.distance       sr04.o
    0x20000118        -       0x00000002   Zero   RW          192    .bss.fac_ms         delay.o
    0x2000011a        -       0x00000001   Zero   RW          191    .bss.fac_us         delay.o
    0x2000011b   0x08003288   0x00000005   PAD
    0x20000120        -       0x00000400   Zero   RW          609    STACK               startup_stm32f10x_hd.o


==============================================================================

Image component sizes


      Code (inc. data)   RO Data    RW Data    ZI Data      Debug   Object Name

        52          0          0          0          0       1497   beep.o
       348          0          0          0          3       1427   delay.o
       162          0          0          0          0       1645   ir.o
       232          0          0          0          0       1827   led.o
      1614          0         65          0          3       3538   main.o
       250          0          0          0          0       3135   misc.o
      1448          0          0          0          0       3137   motor - 2.0.o
      1218          0          6          0          4       2749   sr04.o
        36          8        304          0       1024        832   startup_stm32f10x_hd.o
       430          0          0          0          0       5574   stm32f10x_gpio.o
       482          0         20          0          0       6893   stm32f10x_rcc.o
       530          0          0          0          0      20206   stm32f10x_tim.o
       822          0          0          0          0       7366   stm32f10x_usart.o
       400          0          0          4          0       2807   system_stm32f10x.o
       116          0          0          0          0       3636   timer.o
       562          0          0          0        264       5414   usart.o

    ----------------------------------------------------------------------
      8756          8        430          4       1304      71683   Object Totals
         0          0         32          0          0          0   (incl. Generated)
        54          0          3          0          6          0   (incl. Padding)

    ----------------------------------------------------------------------

      Code (inc. data)   RO Data    RW Data    ZI Data      Debug   Library Member Name

         0          0          0          0          0          0   entry.o
         0          0          0          0          0          0   entry10a.o
         0          0          0          0          0          0   entry11a.o
         8          4          0          0          0          0   entry2.o
         4          0          0          0          0          0   entry5.o
         0          0          0          0          0          0   entry7b.o
         0          0          0          0          0          0   entry8b.o
         8          4          0          0          0          0   entry9a.o
        30          0          0          0          0          0   handlers.o
        36          8          0          0          0         68   init.o
         0          0          0          0          0          0   iusefp.o
        30          0          0          0          0         68   llshl.o
        36          0          0          0          0         68   llsshr.o
        32          0          0          0          0         68   llushr.o
        36          0          0          0          0        108   memseta.o
      2258         90          0          0          0        452   printfa.o
         0          0          0          4          0          0   stdout.o
        14          0          0          0          0         68   strlen.o
        36          0          0          0          0         80   strstr.o
        44          0          0          0          0         80   uidiv.o
        98          0          0          0          0         92   uldiv.o
        48          0          0          0          0         68   cdrcmple.o
       334          0          0          0          0        148   dadd.o
       222          0          0          0          0        100   ddiv.o
       186          0          0          0          0        176   depilogue.o
        48          0          0          0          0         68   dfixul.o
       228          0          0          0          0         96   dmul.o

    ----------------------------------------------------------------------
      3738        106          0          4          0       1808   Library Totals
         2          0          0          0          0          0   (incl. Padding)

    ----------------------------------------------------------------------

      Code (inc. data)   RO Data    RW Data    ZI Data      Debug   Library Name

      2670        106          0          4          0       1152   mc_w.l
      1066          0          0          0          0        656   mf_w.l

    ----------------------------------------------------------------------
      3738        106          0          4          0       1808   Library Totals

    ----------------------------------------------------------------------

==============================================================================


      Code (inc. data)   RO Data    RW Data    ZI Data      Debug   

     12494        114        430          8       1304      72479   Grand Totals
     12494        114        430          8       1304      72479   ELF Image Totals
     12494        114        430          8          0          0   ROM Totals

==============================================================================

    Total RO  Size (Code + RO Data)                12924 (  12.62kB)
    Total RW  Size (RW Data + ZI Data)              1312 (   1.28kB)
    Total ROM Size (Code + RO Data + RW Data)      12932 (  12.63kB)

==============================================================================

